Archive member included because of file (symbol)

.././mbed/TARGET_SAMR21G18A/TOOLCHAIN_GCC_ARM\libmbed.a(system.o)
                              .././mbed/TARGET_SAMR21G18A/TOOLCHAIN_GCC_ARM/mbed_overrides.o (system_init)
.././mbed/TARGET_SAMR21G18A/TOOLCHAIN_GCC_ARM\libmbed.a(gpio_irq_api.o)
                              MxRadioRF2xx/uracolib/MxRadio_trx_rf230.o (gpio_irq_set)
.././mbed/TARGET_SAMR21G18A/TOOLCHAIN_GCC_ARM\libmbed.a(serial_api.o)
                              .././mbed/TARGET_SAMR21G18A/TOOLCHAIN_GCC_ARM/retarget.o (serial_init)
.././mbed/TARGET_SAMR21G18A/TOOLCHAIN_GCC_ARM\libmbed.a(FileSystemLike.o)
                              .././mbed/TARGET_SAMR21G18A/TOOLCHAIN_GCC_ARM/retarget.o (mbed::FileSystemLike::opendir())
.././mbed/TARGET_SAMR21G18A/TOOLCHAIN_GCC_ARM\libmbed.a(FilePath.o)
                              .././mbed/TARGET_SAMR21G18A/TOOLCHAIN_GCC_ARM/retarget.o (mbed::FilePath::FilePath(char const*))
.././mbed/TARGET_SAMR21G18A/TOOLCHAIN_GCC_ARM\libmbed.a(InterruptIn.o)
                              MxRadioRF2xx/MxRadio.o (mbed::InterruptIn::~InterruptIn())
.././mbed/TARGET_SAMR21G18A/TOOLCHAIN_GCC_ARM\libmbed.a(SPI.o)
                              MxRadioRF2xx/MxRadio.o (mbed::SPI::SPI(PinName, PinName, PinName, PinName))
.././mbed/TARGET_SAMR21G18A/TOOLCHAIN_GCC_ARM\libmbed.a(Serial.o)
                              channelserial.o (mbed::Serial::Serial(PinName, PinName, char const*))
.././mbed/TARGET_SAMR21G18A/TOOLCHAIN_GCC_ARM\libmbed.a(SerialBase.o)
                              .././mbed/TARGET_SAMR21G18A/TOOLCHAIN_GCC_ARM\libmbed.a(Serial.o) (mbed::SerialBase::SerialBase(PinName, PinName))
.././mbed/TARGET_SAMR21G18A/TOOLCHAIN_GCC_ARM\libmbed.a(Stream.o)
                              .././mbed/TARGET_SAMR21G18A/TOOLCHAIN_GCC_ARM\libmbed.a(Serial.o) (mbed::Stream::close())
.././mbed/TARGET_SAMR21G18A/TOOLCHAIN_GCC_ARM\libmbed.a(assert.o)
                              main.o (mbed_assert_internal)
.././mbed/TARGET_SAMR21G18A/TOOLCHAIN_GCC_ARM\libmbed.a(error.o)
                              .././mbed/TARGET_SAMR21G18A/TOOLCHAIN_GCC_ARM/retarget.o (error)
.././mbed/TARGET_SAMR21G18A/TOOLCHAIN_GCC_ARM\libmbed.a(gpio.o)
                              .././mbed/TARGET_SAMR21G18A/TOOLCHAIN_GCC_ARM\libmbed.a(InterruptIn.o) (gpio_init_in)
.././mbed/TARGET_SAMR21G18A/TOOLCHAIN_GCC_ARM\libmbed.a(pinmap_common.o)
                              .././mbed/TARGET_SAMR21G18A/TOOLCHAIN_GCC_ARM\libmbed.a(serial_api.o) (pinmap_pinout)
.././mbed/TARGET_SAMR21G18A/TOOLCHAIN_GCC_ARM\libmbed.a(wait_api.o)
                              MxRadioRF2xx/uracolib/MxRadio_radio_rf230.o (wait_us)
.././mbed/TARGET_SAMR21G18A/TOOLCHAIN_GCC_ARM\libmbed.a(PeripheralPins.o)
                              .././mbed/TARGET_SAMR21G18A/TOOLCHAIN_GCC_ARM\libmbed.a(gpio_irq_api.o) (PinMap_EXTINT)
.././mbed/TARGET_SAMR21G18A/TOOLCHAIN_GCC_ARM\libmbed.a(extint.o)
                              .././mbed/TARGET_SAMR21G18A/TOOLCHAIN_GCC_ARM\libmbed.a(gpio_irq_api.o) (extint_chan_get_config_defaults)
.././mbed/TARGET_SAMR21G18A/TOOLCHAIN_GCC_ARM\libmbed.a(sercom.o)
                              .././mbed/TARGET_SAMR21G18A/TOOLCHAIN_GCC_ARM\libmbed.a(serial_api.o) (_sercom_get_async_baud_val)
.././mbed/TARGET_SAMR21G18A/TOOLCHAIN_GCC_ARM\libmbed.a(pinmux.o)
                              .././mbed/TARGET_SAMR21G18A/TOOLCHAIN_GCC_ARM\libmbed.a(serial_api.o) (system_pinmux_pin_set_config)
.././mbed/TARGET_SAMR21G18A/TOOLCHAIN_GCC_ARM\libmbed.a(gclk.o)
                              .././mbed/TARGET_SAMR21G18A/TOOLCHAIN_GCC_ARM\libmbed.a(serial_api.o) (system_gclk_chan_enable)
.././mbed/TARGET_SAMR21G18A/TOOLCHAIN_GCC_ARM\libmbed.a(gpio_api.o)
                              .././mbed/TARGET_SAMR21G18A/TOOLCHAIN_GCC_ARM\libmbed.a(gpio_irq_api.o) (gpio_set)
.././mbed/TARGET_SAMR21G18A/TOOLCHAIN_GCC_ARM\libmbed.a(pinmap.o)
                              .././mbed/TARGET_SAMR21G18A/TOOLCHAIN_GCC_ARM\libmbed.a(pinmap_common.o) (pin_function)
.././mbed/TARGET_SAMR21G18A/TOOLCHAIN_GCC_ARM\libmbed.a(pinmap_function.o)
                              .././mbed/TARGET_SAMR21G18A/TOOLCHAIN_GCC_ARM\libmbed.a(serial_api.o) (pinmap_merge_sercom)
.././mbed/TARGET_SAMR21G18A/TOOLCHAIN_GCC_ARM\libmbed.a(us_ticker.o)
                              .././mbed/TARGET_SAMR21G18A/TOOLCHAIN_GCC_ARM\libmbed.a(wait_api.o) (us_ticker_read)
.././mbed/TARGET_SAMR21G18A/TOOLCHAIN_GCC_ARM\libmbed.a(interrupt_sam_nvic.o)
                              .././mbed/TARGET_SAMR21G18A/TOOLCHAIN_GCC_ARM\libmbed.a(gclk.o) (cpu_irq_enter_critical)
.././mbed/TARGET_SAMR21G18A/TOOLCHAIN_GCC_ARM\libmbed.a(spi_api.o)
                              .././mbed/TARGET_SAMR21G18A/TOOLCHAIN_GCC_ARM\libmbed.a(SPI.o) (spi_init)
.././mbed/TARGET_SAMR21G18A/TOOLCHAIN_GCC_ARM\libmbed.a(FileBase.o)
                              .././mbed/TARGET_SAMR21G18A/TOOLCHAIN_GCC_ARM\libmbed.a(FileSystemLike.o) (mbed::FileBase::~FileBase())
[...]
Memory Configuration

Name             Origin             Length             Attributes
rom              0x00000000         0x00040000         xr
ram              0x200000b0         0x00007f50         xrw
*default*        0x00000000         0xffffffff

Linker script and memory map

LOAD c:/program files (x86)/atmel/studio/7.0/toolchain/arm/arm-gnu-toolchain/bin/../lib/gcc/arm-none-eabi/4.9.3/armv6-m/crti.o
LOAD c:/program files (x86)/atmel/studio/7.0/toolchain/arm/arm-gnu-toolchain/bin/../lib/gcc/arm-none-eabi/4.9.3/armv6-m/crtbegin.o
LOAD c:/program files (x86)/atmel/studio/7.0/toolchain/arm/arm-gnu-toolchain/bin/../lib/gcc/arm-none-eabi/4.9.3/../../../../arm-none-eabi/lib/armv6-m/crt0.o
LOAD relay.o
LOAD channelradio.o
LOAD channelserial.o
LOAD main.o
LOAD MxRadioRF2xx/MxRadio.o
LOAD MxRadioRF2xx/MxRadio_Events.o
LOAD MxRadioRF2xx/uracolib/MxRadio_radio_rf230.o
LOAD MxRadioRF2xx/uracolib/MxRadio_trx_datarate.o
LOAD MxRadioRF2xx/uracolib/MxRadio_trx_rf230.o
LOAD MxRadioRF2xx/uracolib/MxRadio_trx_rf230_bitrd.o
LOAD MxRadioRF2xx/uracolib/MxRadio_trx_rf230_bitwr.o
LOAD MxRadioRF2xx/uracolib/MxRadio_trx_rf230_frame.o
LOAD MxRadioRF2xx/uracolib/MxRadio_trx_rf230_irq.o
LOAD MxRadioRF2xx/uracolib/MxRadio_trx_rf230_misc.o
LOAD MxRadioRF2xx/uracolib/MxRadio_trx_rf230_param.o
LOAD MxRadioRF2xx/uracolib/MxRadio_trx_rf230_sram.o
START GROUP
END GROUP
LOAD .././mbed/TARGET_SAMR21G18A/TOOLCHAIN_GCC_ARM/board.o
LOAD .././mbed/TARGET_SAMR21G18A/TOOLCHAIN_GCC_ARM/cmsis_nvic.o
LOAD .././mbed/TARGET_SAMR21G18A/TOOLCHAIN_GCC_ARM/mbed_overrides.o
LOAD .././mbed/TARGET_SAMR21G18A/TOOLCHAIN_GCC_ARM/retarget.o
LOAD .././mbed/TARGET_SAMR21G18A/TOOLCHAIN_GCC_ARM/startup_samr21.o
LOAD .././mbed/TARGET_SAMR21G18A/TOOLCHAIN_GCC_ARM/system_samr21.o
LOAD .././mbed/TARGET_SAMR21G18A/TOOLCHAIN_GCC_ARM\libmbed.a
LOAD c:/program files (x86)/atmel/studio/7.0/toolchain/arm/arm-gnu-toolchain/bin/../lib/gcc/arm-none-eabi/4.9.3/../../../../arm-none-eabi/lib/armv6-m\libstdc++_nano.a
LOAD c:/program files (x86)/atmel/studio/7.0/toolchain/arm/arm-gnu-toolchain/bin/../lib/gcc/arm-none-eabi/4.9.3/../../../../arm-none-eabi/lib/armv6-m\libsupc++_nano.a
LOAD c:/program files (x86)/atmel/studio/7.0/toolchain/arm/arm-gnu-toolchain/bin/../lib/gcc/arm-none-eabi/4.9.3/../../../../arm-none-eabi/lib/armv6-m\libm.a
LOAD c:/program files (x86)/atmel/studio/7.0/toolchain/arm/arm-gnu-toolchain/bin/../lib/gcc/arm-none-eabi/4.9.3/armv6-m\libgcc.a
START GROUP
LOAD c:/program files (x86)/atmel/studio/7.0/toolchain/arm/arm-gnu-toolchain/bin/../lib/gcc/arm-none-eabi/4.9.3/../../../../arm-none-eabi/lib/armv6-m\libc_nano.a
LOAD c:/program files (x86)/atmel/studio/7.0/toolchain/arm/arm-gnu-toolchain/bin/../lib/gcc/arm-none-eabi/4.9.3/../../../../arm-none-eabi/lib/armv6-m\libnosys.a
END GROUP
LOAD c:/program files (x86)/atmel/studio/7.0/toolchain/arm/arm-gnu-toolchain/bin/../lib/gcc/arm-none-eabi/4.9.3/../../../../arm-none-eabi/lib/armv6-m\libstdc++_nano.a
LOAD c:/program files (x86)/atmel/studio/7.0/toolchain/arm/arm-gnu-toolchain/bin/../lib/gcc/arm-none-eabi/4.9.3/../../../../arm-none-eabi/lib/armv6-m\libm.a
LOAD c:/program files (x86)/atmel/studio/7.0/toolchain/arm/arm-gnu-toolchain/bin/../lib/gcc/arm-none-eabi/4.9.3/../../../../arm-none-eabi/lib/armv6-m\libc_nano.a
START GROUP
LOAD c:/program files (x86)/atmel/studio/7.0/toolchain/arm/arm-gnu-toolchain/bin/../lib/gcc/arm-none-eabi/4.9.3/armv6-m\libgcc.a
LOAD c:/program files (x86)/atmel/studio/7.0/toolchain/arm/arm-gnu-toolchain/bin/../lib/gcc/arm-none-eabi/4.9.3/../../../../arm-none-eabi/lib/armv6-m\libc_nano.a
END GROUP
START GROUP
LOAD c:/program files (x86)/atmel/studio/7.0/toolchain/arm/arm-gnu-toolchain/bin/../lib/gcc/arm-none-eabi/4.9.3/armv6-m\libgcc.a
LOAD c:/program files (x86)/atmel/studio/7.0/toolchain/arm/arm-gnu-toolchain/bin/../lib/gcc/arm-none-eabi/4.9.3/../../../../arm-none-eabi/lib/armv6-m\libc_nano.a
END GROUP
LOAD c:/program files (x86)/atmel/studio/7.0/toolchain/arm/arm-gnu-toolchain/bin/../lib/gcc/arm-none-eabi/4.9.3/armv6-m/crtend.o
LOAD c:/program files (x86)/atmel/studio/7.0/toolchain/arm/arm-gnu-toolchain/bin/../lib/gcc/arm-none-eabi/4.9.3/armv6-m/crtn.o
                0x00002000                STACK_SIZE = DEFINED (STACK_SIZE)?STACK_SIZE:DEFINED (__stack_size__)?__stack_size__:0x2000

.text           0x00000000     0xd2a4
                0x00000000                . = ALIGN (0x4)
                0x00000000                _sfixed = .
 *(.vectors .vectors.*)
 .vectors       0x00000000       0xb4 .././mbed/TARGET_SAMR21G18A/TOOLCHAIN_GCC_ARM/startup_samr21.o
                0x00000000                exception_table
 *(.text .text.* .gnu.linkonce.t.*)
 .text          0x000000b4       0x60 c:/program files (x86)/atmel/studio/7.0/toolchain/arm/arm-gnu-toolchain/bin/../lib/gcc/arm-none-eabi/4.9.3/armv6-m/crtbegin.o
 .text._ZN15ChannelCallback10OnTransmitEP7Channel
                0x00000114        0x4 relay.o
                0x00000114                ChannelCallback::OnTransmit(Channel*)
 .text._ZN15ChannelCallback9OnSpecialEP7Channeli
                0x00000118        0x4 relay.o
                0x00000118                ChannelCallback::OnSpecial(Channel*, int)
 .text._ZN15ChannelCallback7OnErrorEP7Channeli
                0x0000011c        0x4 relay.o
                0x0000011c                ChannelCallback::OnError(Channel*, int)
 .text._ZN5RelayD2Ev
                0x00000120        0x4 relay.o
                0x00000120                Relay::~Relay()
                0x00000120                Relay::~Relay()
 .text._ZN5Relay9OnReceiveEP7Channel
                0x00000124       0x1c relay.o
                0x00000124                Relay::OnReceive(Channel*)
 .text._ZN13RelayBuffered9OnReceiveEP7Channel
                0x00000140       0x44 relay.o
                0x00000140                RelayBuffered::OnReceive(Channel*)
 .text._ZN13RelayBufferedD2Ev
                0x00000184        0x4 relay.o
                0x00000184                RelayBuffered::~RelayBuffered()
                0x00000184                RelayBuffered::~RelayBuffered()
 .text._ZN5RelayD0Ev
                0x00000188       0x10 relay.o
                0x00000188                Relay::~Relay()
 .text._ZN13RelayBufferedD0Ev
                0x00000198       0x10 relay.o
                0x00000198                RelayBuffered::~RelayBuffered()
 .text._ZN5RelayC2EP7Channel
                0x000001a8       0x10 relay.o
                0x000001a8                Relay::Relay(Channel*)
                0x000001a8                Relay::Relay(Channel*)
 .text._ZN13RelayBufferedC2EP7Channelh
                0x000001b8       0x3c relay.o
                0x000001b8                RelayBuffered::RelayBuffered(Channel*, unsigned char)
                0x000001b8                RelayBuffered::RelayBuffered(Channel*, unsigned char)
 .text._ZN13RelayBuffered8PushDataEv
                0x000001f4       0x54 relay.o
                0x000001f4                RelayBuffered::PushData()
 .text._ZN13RelayBuffered10HasNewDataEv
                0x00000248        0x8 relay.o
                0x00000248                RelayBuffered::HasNewData()
 .text._ZN7Channel11SetCallbackEP15ChannelCallback
                0x00000250        0x4 channelradio.o
                0x00000250                Channel::SetCallback(ChannelCallback*)
 .text._ZN12ChannelRadio4getcEv
                0x00000254       0x38 channelradio.o
                0x00000254                ChannelRadio::getc()
 .text._ZN12ChannelRadio10OnTransmitEv
                0x0000028c       0x14 channelradio.o
                0x0000028c                ChannelRadio::OnTransmit()
 .text._ZN12ChannelRadio7OnErrorEi
                0x000002a0       0x18 channelradio.o
                0x000002a0                ChannelRadio::OnError(int)
 .text._ZN12ChannelRadio9OnSpecialEi
                0x000002b8       0x18 channelradio.o
                0x000002b8                ChannelRadio::OnSpecial(int)
 .text._ZN12ChannelRadioD2Ev
                0x000002d0       0x1c channelradio.o
                0x000002d0                ChannelRadio::~ChannelRadio()
                0x000002d0                ChannelRadio::~ChannelRadio()
 .text._ZN12ChannelRadioD0Ev
                0x000002ec       0x1c channelradio.o
                0x000002ec                ChannelRadio::~ChannelRadio()
 .text._ZN12ChannelRadio4putcEh
                0x00000308       0x3c channelradio.o
                0x00000308                ChannelRadio::putc(unsigned char)
 .text._ZN12ChannelRadio9OnReceiveEv
                0x00000344       0x74 channelradio.o
                0x00000344                ChannelRadio::OnReceive()
 .text._ZN12ChannelRadio5writeEPhh
                0x000003b8       0x30 channelradio.o
                0x000003b8                ChannelRadio::write(unsigned char*, unsigned char)
 .text._ZN12ChannelRadio8GetRadioEv
                0x000003e8        0x4 channelradio.o
                0x000003e8                ChannelRadio::GetRadio()
 .text._ZN12ChannelRadioC2Ev
                0x000003ec       0x74 channelradio.o
                0x000003ec                ChannelRadio::ChannelRadio()
                0x000003ec                ChannelRadio::ChannelRadio()
 .text._ZN12ChannelRadio10GetChannelEv
                0x00000460       0x30 channelradio.o
                0x00000460                ChannelRadio::GetChannel()
 .text._Z12RadioOnError13radio_error_t
                0x00000490       0x18 channelradio.o
                0x00000490                RadioOnError(radio_error_t)
 .text._Z12RadioOnEventh
                0x000004a8       0x54 channelradio.o
                0x000004a8                RadioOnEvent(unsigned char)
 .text._ZN4mbed10SerialBaseD2Ev
                0x000004fc        0x4 channelserial.o
                0x000004fc                mbed::SerialBase::~SerialBase()
                0x000004fc                mbed::SerialBase::~SerialBase()
 .text._ZN13ChannelSerial9OnReceiveEv
                0x00000500       0x14 channelserial.o
                0x00000500                ChannelSerial::OnReceive()
 .text._ZN4mbed19FunctionPointerArg1IvvE12membercallerI13ChannelSerialEEvPvPj
                0x00000514       0x1c channelserial.o
                0x00000514                void mbed::FunctionPointerArg1<void, void>::membercaller<ChannelSerial>(void*, unsigned int*)
 .text._ZN4mbed10SerialBaseD0Ev
                0x00000530       0x10 channelserial.o
                0x00000530                mbed::SerialBase::~SerialBase()
 .text._ZN13ChannelSerialD2Ev
                0x00000540       0x34 channelserial.o
                0x00000540                ChannelSerial::~ChannelSerial()
                0x00000540                ChannelSerial::~ChannelSerial()
 .text._ZN13ChannelSerialD0Ev
                0x00000574       0x1c channelserial.o
                0x00000574                ChannelSerial::~ChannelSerial()
 .text._ZN13ChannelSerial4putcEh
                0x00000590       0x10 channelserial.o
                0x00000590                ChannelSerial::putc(unsigned char)
 .text._ZN13ChannelSerial4getcEv
                0x000005a0       0x10 channelserial.o
                0x000005a0                ChannelSerial::getc()
 .text._ZN13ChannelSerial11SetCallbackEP15ChannelCallback
                0x000005b0       0x44 channelserial.o
                0x000005b0                ChannelSerial::SetCallback(ChannelCallback*)
 .text._ZN13ChannelSerialC2E7PinNameS0_
                0x000005f4       0x28 channelserial.o
                0x000005f4                ChannelSerial::ChannelSerial(PinName, PinName)
                0x000005f4                ChannelSerial::ChannelSerial(PinName, PinName)
 .text._ZN14SerialCallbackD2Ev
                0x0000061c        0x4 main.o
                0x0000061c                SerialCallback::~SerialCallback()
                0x0000061c                SerialCallback::~SerialCallback()
 .text._ZN14SerialCallback9OnReceiveEP7Channel
                0x00000620       0x2c main.o
                0x00000620                SerialCallback::OnReceive(Channel*)
 .text._ZN14SerialCallbackD0Ev
                0x0000064c       0x10 main.o
                0x0000064c                SerialCallback::~SerialCallback()
 .text._Z11PrintBufferP7ChannelPcj
                0x0000065c       0x48 main.o
                0x0000065c                PrintBuffer(Channel*, char*, unsigned int)
 .text.main     0x000006a4      0x190 main.o
                0x000006a4                main
 .text._GLOBAL__sub_I_myled
                0x00000834       0x28 main.o
 .text._ZN8cMxRadio14onReceiveFrameEhPhhah
                0x0000085c      0x108 MxRadioRF2xx/MxRadio.o
                0x0000085c                cMxRadio::onReceiveFrame(unsigned char, unsigned char*, unsigned char, signed char, unsigned char)
 .text._ZN8cMxRadio8onTxDoneE15radio_tx_done_t
                0x00000964       0x24 MxRadioRF2xx/MxRadio.o
                0x00000964                cMxRadio::onTxDone(radio_tx_done_t)
 .text._ZN8cMxRadioC2E7PinNameS0_S0_S0_S0_S0_S0_
                0x00000988      0x128 MxRadioRF2xx/MxRadio.o
                0x00000988                cMxRadio::cMxRadio(PinName, PinName, PinName, PinName, PinName, PinName, PinName)
                0x00000988                cMxRadio::cMxRadio(PinName, PinName, PinName, PinName, PinName, PinName, PinName)
 .text._ZN8cMxRadio5beginEaPh
                0x00000ab0       0xbc MxRadioRF2xx/MxRadio.o
                0x00000ab0                cMxRadio::begin(signed char, unsigned char*)
 .text._ZN8cMxRadio5beginEa
                0x00000b6c       0x10 MxRadioRF2xx/MxRadio.o
                0x00000b6c                cMxRadio::begin(signed char)
 .text._ZN8cMxRadio11attachErrorEPFv13radio_error_tE
                0x00000b7c        0x8 MxRadioRF2xx/MxRadio.o
                0x00000b7c                cMxRadio::attachError(void (*)(radio_error_t))
 .text._ZN8cMxRadio9attachIrqEPFvhE
                0x00000b84        0x8 MxRadioRF2xx/MxRadio.o
                0x00000b84                cMxRadio::attachIrq(void (*)(unsigned char))
 .text._ZN8cMxRadio5flushEv
                0x00000b8c       0x10 MxRadioRF2xx/MxRadio.o
                0x00000b8c                cMxRadio::flush()
 .text._ZN8cMxRadio4readEv
                0x00000b9c       0x34 MxRadioRF2xx/MxRadio.o
                0x00000b9c                cMxRadio::read()
 .text._ZN8cMxRadio9availableEv
                0x00000bd0       0x24 MxRadioRF2xx/MxRadio.o
                0x00000bd0                cMxRadio::available()
 .text._ZN8cMxRadio17beginTransmissionEv
                0x00000bf4       0x28 MxRadioRF2xx/MxRadio.o
                0x00000bf4                cMxRadio::beginTransmission()
 .text._ZN8cMxRadio10waitTxDoneEt
                0x00000c1c       0x2c MxRadioRF2xx/MxRadio.o
                0x00000c1c                cMxRadio::waitTxDone(unsigned short)
 .text._ZN8cMxRadio15endTransmissionEv
                0x00000c48       0xc8 MxRadioRF2xx/MxRadio.o
                0x00000c48                cMxRadio::endTransmission()
 .text._ZN8cMxRadio5writeEh
                0x00000d10       0xf4 MxRadioRF2xx/MxRadio.o
                0x00000d10                cMxRadio::write(unsigned char)
 .text._ZN8cMxRadio5writeEPhh
                0x00000e04       0x28 MxRadioRF2xx/MxRadio.o
                0x00000e04                cMxRadio::write(unsigned char*, unsigned char)
 .text._ZN8cMxRadioD2Ev
                0x00000e2c       0x14 MxRadioRF2xx/MxRadio.o
                0x00000e2c                cMxRadio::~cMxRadio()
                0x00000e2c                cMxRadio::~cMxRadio()
 .text._ZN8cMxRadio23zr_attach_receive_frameEMS_FPhhS0_hahE
                0x00000e40       0x18 MxRadioRF2xx/MxRadio_Events.o
                0x00000e40                cMxRadio::zr_attach_receive_frame(unsigned char* (cMxRadio::*)(unsigned char, unsigned char*, unsigned char, signed char, unsigned char))
 .text._ZN8cMxRadio17zr_attach_tx_doneEMS_Fv15radio_tx_done_tE
                0x00000e58       0x18 MxRadioRF2xx/MxRadio_Events.o
                0x00000e58                cMxRadio::zr_attach_tx_done(void (cMxRadio::*)(radio_tx_done_t))
 .text._ZN8cMxRadio15usr_radio_errorE13radio_error_t
                0x00000e70       0x14 MxRadioRF2xx/MxRadio_Events.o
                0x00000e70                cMxRadio::usr_radio_error(radio_error_t)
 .text._ZN8cMxRadio13usr_radio_irqEh
                0x00000e84       0x14 MxRadioRF2xx/MxRadio_Events.o
                0x00000e84                cMxRadio::usr_radio_irq(unsigned char)
 .text._ZN8cMxRadio23usr_radio_receive_frameEhPhhah
                0x00000e98       0x48 MxRadioRF2xx/MxRadio_Events.o
                0x00000e98                cMxRadio::usr_radio_receive_frame(unsigned char, unsigned char*, unsigned char, signed char, unsigned char)
 .text._ZN8cMxRadio17usr_radio_tx_doneE15radio_tx_done_t
                0x00000ee0       0x30 MxRadioRF2xx/MxRadio_Events.o
                0x00000ee0                cMxRadio::usr_radio_tx_done(radio_tx_done_t)
 .text._ZN8cMxRadio19radio_receive_frameEv
                0x00000f10       0x64 MxRadioRF2xx/uracolib/MxRadio_radio_rf230.o
                0x00000f10                cMxRadio::radio_receive_frame()
 .text._ZN8cMxRadio10radio_initEPhh
                0x00000f74       0xf0 MxRadioRF2xx/uracolib/MxRadio_radio_rf230.o
                0x00000f74                cMxRadio::radio_init(unsigned char*, unsigned char)
 .text._ZN8cMxRadio15radio_set_stateEh
                0x00001064      0x1d0 MxRadioRF2xx/uracolib/MxRadio_radio_rf230.o
                0x00001064                cMxRadio::radio_set_state(unsigned char)
 .text._ZN8cMxRadio17radio_irq_handlerEh
                0x00001234       0x80 MxRadioRF2xx/uracolib/MxRadio_radio_rf230.o
                0x00001234                cMxRadio::radio_irq_handler(unsigned char)
 .text._ZN8cMxRadio15radio_set_paramE17radio_attribute_t13radio_param_t
                0x000012b4      0x104 MxRadioRF2xx/uracolib/MxRadio_radio_rf230.o
                0x000012b4                cMxRadio::radio_set_param(radio_attribute_t, radio_param_t)
 .text._ZN8cMxRadio16radio_send_frameEhPhh
                0x000013b8       0x64 MxRadioRF2xx/uracolib/MxRadio_radio_rf230.o
                0x000013b8                cMxRadio::radio_send_frame(unsigned char, unsigned char*, unsigned char)
 .text._ZN8cMxRadio16trx_set_datarateEh
                0x0000141c       0x5c MxRadioRF2xx/uracolib/MxRadio_trx_datarate.o
                0x0000141c                cMxRadio::trx_set_datarate(unsigned char)
 .text._ZN4mbed19FunctionPointerArg1IvvE12membercallerI8cMxRadioEEvPvPj
                0x00001478       0x1c MxRadioRF2xx/uracolib/MxRadio_trx_rf230.o
                0x00001478                void mbed::FunctionPointerArg1<void, void>::membercaller<cMxRadio>(void*, unsigned int*)
 .text._ZN8cMxRadio11trx_io_initEi
                0x00001494       0x84 MxRadioRF2xx/uracolib/MxRadio_trx_rf230.o
                0x00001494                cMxRadio::trx_io_init(int)
 .text._ZN8cMxRadio13trx_reg_writeEhh
                0x00001518       0x68 MxRadioRF2xx/uracolib/MxRadio_trx_rf230.o
                0x00001518                cMxRadio::trx_reg_write(unsigned char, unsigned char)
 .text._ZN8cMxRadio12trx_reg_readEh
                0x00001580       0x6c MxRadioRF2xx/uracolib/MxRadio_trx_rf230.o
                0x00001580                cMxRadio::trx_reg_read(unsigned char)
 .text._ZN8cMxRadio12trx_bit_readEhhh
                0x000015ec       0x18 MxRadioRF2xx/uracolib/MxRadio_trx_rf230_bitrd.o
                0x000015ec                cMxRadio::trx_bit_read(unsigned char, unsigned char, unsigned char)
 .text._ZN8cMxRadio13trx_bit_writeEhhhh
                0x00001604       0x34 MxRadioRF2xx/uracolib/MxRadio_trx_rf230_bitwr.o
                0x00001604                cMxRadio::trx_bit_write(unsigned char, unsigned char, unsigned char, unsigned char)
 .text._ZN8cMxRadio15trx_frame_writeEhPh
                0x00001638       0x88 MxRadioRF2xx/uracolib/MxRadio_trx_rf230_frame.o
                0x00001638                cMxRadio::trx_frame_write(unsigned char, unsigned char*)
 .text._ZN8cMxRadio14trx_frame_readEPhhS0_
                0x000016c0       0xbc MxRadioRF2xx/uracolib/MxRadio_trx_rf230_frame.o
                0x000016c0                cMxRadio::trx_frame_read(unsigned char*, unsigned char, unsigned char*)
 .text._ZN8cMxRadio15rf_irq_callbackEv
                0x0000177c       0x40 MxRadioRF2xx/uracolib/MxRadio_trx_rf230_irq.o
                0x0000177c                cMxRadio::rf_irq_callback()
 .text.mbed_die
                0x000017bc       0x14 .././mbed/TARGET_SAMR21G18A/TOOLCHAIN_GCC_ARM/board.o
                0x000017bc                mbed_die
 .text.NVIC_SetVector
                0x000017d0       0x34 .././mbed/TARGET_SAMR21G18A/TOOLCHAIN_GCC_ARM/cmsis_nvic.o
                0x000017d0                NVIC_SetVector
 .text.mbed_sdk_init
                0x00001804       0x18 .././mbed/TARGET_SAMR21G18A/TOOLCHAIN_GCC_ARM/mbed_overrides.o
                0x00001804                mbed_sdk_init
 .text._ZN4mbed10FileHandle4flenEv
                0x0000181c       0x34 .././mbed/TARGET_SAMR21G18A/TOOLCHAIN_GCC_ARM/retarget.o
                0x0000181c                mbed::FileHandle::flen()
 .text._ZL11init_serialv.part.0
                0x00001850       0x14 .././mbed/TARGET_SAMR21G18A/TOOLCHAIN_GCC_ARM/retarget.o
 .text._ZN4mbed10FileHandleD2Ev
                0x00001864       0x30 .././mbed/TARGET_SAMR21G18A/TOOLCHAIN_GCC_ARM/retarget.o
                0x00001864                mbed::FileHandle::~FileHandle()
                0x00001864                mbed::FileHandle::~FileHandle()
 .text._open    0x00001894       0xf8 .././mbed/TARGET_SAMR21G18A/TOOLCHAIN_GCC_ARM/retarget.o
                0x00001894                _open
 .text._close   0x0000198c       0x2c .././mbed/TARGET_SAMR21G18A/TOOLCHAIN_GCC_ARM/retarget.o
                0x0000198c                _close
 .text._write   0x000019b8       0x58 .././mbed/TARGET_SAMR21G18A/TOOLCHAIN_GCC_ARM/retarget.o
                0x000019b8                _write
 .text._read    0x00001a10       0x48 .././mbed/TARGET_SAMR21G18A/TOOLCHAIN_GCC_ARM/retarget.o
                0x00001a10                _read
 .text._isatty  0x00001a58       0x28 .././mbed/TARGET_SAMR21G18A/TOOLCHAIN_GCC_ARM/retarget.o
                0x00001a58                _isatty
 .text._lseek   0x00001a80       0x28 .././mbed/TARGET_SAMR21G18A/TOOLCHAIN_GCC_ARM/retarget.o
                0x00001a80                _lseek
 .text._fstat   0x00001aa8       0x20 .././mbed/TARGET_SAMR21G18A/TOOLCHAIN_GCC_ARM/retarget.o
                0x00001aa8                _fstat
 .text.__cxa_pure_virtual
                0x00001ac8        0x8 .././mbed/TARGET_SAMR21G18A/TOOLCHAIN_GCC_ARM/retarget.o
                0x00001ac8                __cxa_pure_virtual
 .text.mbed_main
                0x00001ad0        0x4 .././mbed/TARGET_SAMR21G18A/TOOLCHAIN_GCC_ARM/retarget.o
                0x00001ad0                mbed_main
 .text.__wrap_main
                0x00001ad4       0x10 .././mbed/TARGET_SAMR21G18A/TOOLCHAIN_GCC_ARM/retarget.o
                0x00001ad4                __wrap_main
 .text._sbrk    0x00001ae4       0x28 .././mbed/TARGET_SAMR21G18A/TOOLCHAIN_GCC_ARM/retarget.o
                0x00001ae4                _sbrk
 .text._exit    0x00001b0c       0x10 .././mbed/TARGET_SAMR21G18A/TOOLCHAIN_GCC_ARM/retarget.o
                0x00001b0c                _exit
 .text._ZN4mbed26mbed_set_unbuffered_streamEP7__sFILE
                0x00001b1c        0xc .././mbed/TARGET_SAMR21G18A/TOOLCHAIN_GCC_ARM/retarget.o
                0x00001b1c                mbed::mbed_set_unbuffered_stream(__sFILE*)
 .text._ZN4mbed9mbed_getcEP7__sFILE
                0x00001b28        0x8 .././mbed/TARGET_SAMR21G18A/TOOLCHAIN_GCC_ARM/retarget.o
                0x00001b28                mbed::mbed_getc(__sFILE*)
 .text.Dummy_Handler
                0x00001b30        0x4 .././mbed/TARGET_SAMR21G18A/TOOLCHAIN_GCC_ARM/startup_samr21.o
                0x00001b30                DMAC_Handler
                0x00001b30                HardFault_Handler
                0x00001b30                SysTick_Handler
                0x00001b30                PendSV_Handler
                0x00001b30                NMI_Handler
                0x00001b30                SERCOM1_Handler
                0x00001b30                TCC1_Handler
                0x00001b30                SERCOM2_Handler
                0x00001b30                TCC0_Handler
                0x00001b30                RTC_Handler
                0x00001b30                EIC_Handler
                0x00001b30                WDT_Handler
                0x00001b30                Dummy_Handler
                0x00001b30                PM_Handler
                0x00001b30                SVC_Handler
                0x00001b30                TCC2_Handler
                0x00001b30                EVSYS_Handler
                0x00001b30                SERCOM3_Handler
                0x00001b30                I2S_Handler
                0x00001b30                NVMCTRL_Handler
                0x00001b30                SERCOM0_Handler
                0x00001b30                SYSCTRL_Handler
 .text.Reset_Handler
                0x00001b34       0x78 .././mbed/TARGET_SAMR21G18A/TOOLCHAIN_GCC_ARM/startup_samr21.o
                0x00001b34                Reset_Handler
 .text._system_dummy_init
                0x00001bac        0x4 .././mbed/TARGET_SAMR21G18A/TOOLCHAIN_GCC_ARM\libmbed.a(system.o)
                0x00001bac                system_board_init
                0x00001bac                _system_events_init
                0x00001bac                _system_dummy_init
                0x00001bac                _system_divas_init
 .text.system_init
                0x00001bb0       0x18 .././mbed/TARGET_SAMR21G18A/TOOLCHAIN_GCC_ARM\libmbed.a(system.o)
                0x00001bb0                system_init
 .text.gpio_irq
                0x00001bc8       0x7c .././mbed/TARGET_SAMR21G18A/TOOLCHAIN_GCC_ARM\libmbed.a(gpio_irq_api.o)
                0x00001bc8                gpio_irq
 .text.gpio_irq_init
                0x00001c44       0xa8 .././mbed/TARGET_SAMR21G18A/TOOLCHAIN_GCC_ARM\libmbed.a(gpio_irq_api.o)
                0x00001c44                gpio_irq_init
 .text.gpio_irq_free
                0x00001cec       0x40 .././mbed/TARGET_SAMR21G18A/TOOLCHAIN_GCC_ARM\libmbed.a(gpio_irq_api.o)
                0x00001cec                gpio_irq_free
 .text.gpio_irq_set
                0x00001d2c       0x98 .././mbed/TARGET_SAMR21G18A/TOOLCHAIN_GCC_ARM\libmbed.a(gpio_irq_api.o)
                0x00001d2c                gpio_irq_set
 .text.uart1_irq
                0x00001dc4       0x50 .././mbed/TARGET_SAMR21G18A/TOOLCHAIN_GCC_ARM\libmbed.a(serial_api.o)
                0x00001dc4                uart1_irq
 .text.uart4_irq
                0x00001e14       0x50 .././mbed/TARGET_SAMR21G18A/TOOLCHAIN_GCC_ARM\libmbed.a(serial_api.o)
                0x00001e14                uart4_irq
 .text.uart0_irq
                0x00001e64       0x50 .././mbed/TARGET_SAMR21G18A/TOOLCHAIN_GCC_ARM\libmbed.a(serial_api.o)
                0x00001e64                uart0_irq
 .text.uart5_irq
                0x00001eb4       0x50 .././mbed/TARGET_SAMR21G18A/TOOLCHAIN_GCC_ARM\libmbed.a(serial_api.o)
                0x00001eb4                uart5_irq
 .text.uart2_irq
                0x00001f04       0x50 .././mbed/TARGET_SAMR21G18A/TOOLCHAIN_GCC_ARM\libmbed.a(serial_api.o)
                0x00001f04                uart2_irq
 .text.uart3_irq
                0x00001f54       0x50 .././mbed/TARGET_SAMR21G18A/TOOLCHAIN_GCC_ARM\libmbed.a(serial_api.o)
                0x00001f54                uart3_irq
 .text.usart_set_config_default
                0x00001fa4      0x128 .././mbed/TARGET_SAMR21G18A/TOOLCHAIN_GCC_ARM\libmbed.a(serial_api.o)
 .text.serial_find_mux_settings
                0x000020cc       0x9c .././mbed/TARGET_SAMR21G18A/TOOLCHAIN_GCC_ARM\libmbed.a(serial_api.o)
                0x000020cc                serial_find_mux_settings
 .text.get_default_serial_values
                0x00002168       0x34 .././mbed/TARGET_SAMR21G18A/TOOLCHAIN_GCC_ARM\libmbed.a(serial_api.o)
                0x00002168                get_default_serial_values
 .text.serial_init
                0x0000219c      0x1b8 .././mbed/TARGET_SAMR21G18A/TOOLCHAIN_GCC_ARM\libmbed.a(serial_api.o)
                0x0000219c                serial_init
 .text.get_serial_vector
                0x00002354       0x90 .././mbed/TARGET_SAMR21G18A/TOOLCHAIN_GCC_ARM\libmbed.a(serial_api.o)
                0x00002354                get_serial_vector
 .text.serial_irq_handler
                0x000023e4       0x9c .././mbed/TARGET_SAMR21G18A/TOOLCHAIN_GCC_ARM\libmbed.a(serial_api.o)
                0x000023e4                serial_irq_handler
 .text.get_serial_irq_num
                0x00002480       0x88 .././mbed/TARGET_SAMR21G18A/TOOLCHAIN_GCC_ARM\libmbed.a(serial_api.o)
                0x00002480                get_serial_irq_num
 .text.serial_irq_set
                0x00002508       0xac .././mbed/TARGET_SAMR21G18A/TOOLCHAIN_GCC_ARM\libmbed.a(serial_api.o)
                0x00002508                serial_irq_set
 .text.serial_readable
                0x000025b4       0x28 .././mbed/TARGET_SAMR21G18A/TOOLCHAIN_GCC_ARM\libmbed.a(serial_api.o)
                0x000025b4                serial_readable
 .text.serial_getc
                0x000025dc       0x30 .././mbed/TARGET_SAMR21G18A/TOOLCHAIN_GCC_ARM\libmbed.a(serial_api.o)
                0x000025dc                serial_getc
 .text.serial_writable
                0x0000260c       0x28 .././mbed/TARGET_SAMR21G18A/TOOLCHAIN_GCC_ARM\libmbed.a(serial_api.o)
                0x0000260c                serial_writable
 .text.serial_putc
                0x00002634       0x40 .././mbed/TARGET_SAMR21G18A/TOOLCHAIN_GCC_ARM\libmbed.a(serial_api.o)
                0x00002634                serial_putc
 .text._ZN4mbed8FilePathC2EPKc
                0x00002674       0x58 .././mbed/TARGET_SAMR21G18A/TOOLCHAIN_GCC_ARM\libmbed.a(FilePath.o)
                0x00002674                mbed::FilePath::FilePath(char const*)
                0x00002674                mbed::FilePath::FilePath(char const*)
 .text._ZN4mbed8FilePath8fileNameEv
                0x000026cc        0x4 .././mbed/TARGET_SAMR21G18A/TOOLCHAIN_GCC_ARM\libmbed.a(FilePath.o)
                0x000026cc                mbed::FilePath::fileName()
 .text._ZN4mbed8FilePath10fileSystemEv
                0x000026d0       0x1c .././mbed/TARGET_SAMR21G18A/TOOLCHAIN_GCC_ARM\libmbed.a(FilePath.o)
                0x000026d0                mbed::FilePath::fileSystem()
 .text._ZN4mbed8FilePath6isFileEv
                0x000026ec       0x18 .././mbed/TARGET_SAMR21G18A/TOOLCHAIN_GCC_ARM\libmbed.a(FilePath.o)
                0x000026ec                mbed::FilePath::isFile()
 .text._ZN4mbed8FilePath4fileEv
                0x00002704       0x24 .././mbed/TARGET_SAMR21G18A/TOOLCHAIN_GCC_ARM\libmbed.a(FilePath.o)
                0x00002704                mbed::FilePath::file()
 .text._ZN4mbed8FilePath6existsEv
                0x00002728        0xc .././mbed/TARGET_SAMR21G18A/TOOLCHAIN_GCC_ARM\libmbed.a(FilePath.o)
                0x00002728                mbed::FilePath::exists()
 .text._ZN4mbed11InterruptInD2Ev
                0x00002734       0x18 .././mbed/TARGET_SAMR21G18A/TOOLCHAIN_GCC_ARM\libmbed.a(InterruptIn.o)
                0x00002734                mbed::InterruptIn::~InterruptIn()
                0x00002734                mbed::InterruptIn::~InterruptIn()
 .text._ZN4mbed11InterruptInD0Ev
                0x0000274c       0x20 .././mbed/TARGET_SAMR21G18A/TOOLCHAIN_GCC_ARM\libmbed.a(InterruptIn.o)
                0x0000274c                mbed::InterruptIn::~InterruptIn()
 .text._ZN4mbed11InterruptIn12_irq_handlerEm14gpio_irq_event
                0x0000276c       0x4c .././mbed/TARGET_SAMR21G18A/TOOLCHAIN_GCC_ARM\libmbed.a(InterruptIn.o)
                0x0000276c                mbed::InterruptIn::_irq_handler(unsigned long, gpio_irq_event)
 .text._ZN4mbed11InterruptInC2E7PinName
                0x000027b8       0x64 .././mbed/TARGET_SAMR21G18A/TOOLCHAIN_GCC_ARM\libmbed.a(InterruptIn.o)
                0x000027b8                mbed::InterruptIn::InterruptIn(PinName)
                0x000027b8                mbed::InterruptIn::InterruptIn(PinName)
 .text._ZN4mbed3SPID2Ev
                0x0000281c        0x4 .././mbed/TARGET_SAMR21G18A/TOOLCHAIN_GCC_ARM\libmbed.a(SPI.o)
                0x0000281c                mbed::SPI::~SPI()
                0x0000281c                mbed::SPI::~SPI()
 .text._ZN6CThunkIN4mbed3SPIEE10trampolineEPS1_PvPMS1_FvS4_E
                0x00002820       0x2c .././mbed/TARGET_SAMR21G18A/TOOLCHAIN_GCC_ARM\libmbed.a(SPI.o)
                0x00002820                CThunk<mbed::SPI>::trampoline(mbed::SPI*, void*, void (mbed::SPI::**)(void*))
 .text._ZN4mbed3SPID0Ev
                0x0000284c        0xc .././mbed/TARGET_SAMR21G18A/TOOLCHAIN_GCC_ARM\libmbed.a(SPI.o)
                0x0000284c                mbed::SPI::~SPI()
 .text._ZN4mbed3SPIC2E7PinNameS1_S1_S1_
                0x00002858       0xd0 .././mbed/TARGET_SAMR21G18A/TOOLCHAIN_GCC_ARM\libmbed.a(SPI.o)
                0x00002858                mbed::SPI::SPI(PinName, PinName, PinName, PinName)
                0x00002858                mbed::SPI::SPI(PinName, PinName, PinName, PinName)
 .text._ZN4mbed3SPI6aquireEv
                0x00002928       0x30 .././mbed/TARGET_SAMR21G18A/TOOLCHAIN_GCC_ARM\libmbed.a(SPI.o)
                0x00002928                mbed::SPI::aquire()
 .text._ZN4mbed3SPI6formatEii
                0x00002958       0x1c .././mbed/TARGET_SAMR21G18A/TOOLCHAIN_GCC_ARM\libmbed.a(SPI.o)
                0x00002958                mbed::SPI::format(int, int)
 .text._ZN4mbed3SPI9frequencyEi
                0x00002974       0x18 .././mbed/TARGET_SAMR21G18A/TOOLCHAIN_GCC_ARM\libmbed.a(SPI.o)
                0x00002974                mbed::SPI::frequency(int)
 .text._ZN4mbed3SPI5writeEi
                0x0000298c       0x14 .././mbed/TARGET_SAMR21G18A/TOOLCHAIN_GCC_ARM\libmbed.a(SPI.o)
                0x0000298c                mbed::SPI::write(int)
 .text._ZN4mbed6Serial5_getcEv
                0x000029a0        0x8 .././mbed/TARGET_SAMR21G18A/TOOLCHAIN_GCC_ARM\libmbed.a(Serial.o)
                0x000029a0                mbed::Serial::_getc()
 .text._ZThn220_N4mbed6Serial5_getcEv
                0x000029a8       0x10 .././mbed/TARGET_SAMR21G18A/TOOLCHAIN_GCC_ARM\libmbed.a(Serial.o)
                0x000029a8                non-virtual thunk to mbed::Serial::_getc()
 .text._ZN4mbed6Serial5_putcEi
                0x000029b8        0x8 .././mbed/TARGET_SAMR21G18A/TOOLCHAIN_GCC_ARM\libmbed.a(Serial.o)
                0x000029b8                mbed::Serial::_putc(int)
 .text._ZThn220_N4mbed6Serial5_putcEi
                0x000029c0       0x10 .././mbed/TARGET_SAMR21G18A/TOOLCHAIN_GCC_ARM\libmbed.a(Serial.o)
                0x000029c0                non-virtual thunk to mbed::Serial::_putc(int)
 .text._ZN4mbed6SerialD2Ev
                0x000029d0       0x28 .././mbed/TARGET_SAMR21G18A/TOOLCHAIN_GCC_ARM\libmbed.a(Serial.o)
                0x000029d0                mbed::Serial::~Serial()
                0x000029d0                mbed::Serial::~Serial()
 .text._ZN4mbed6SerialD1Ev
                0x000029f8       0x20 .././mbed/TARGET_SAMR21G18A/TOOLCHAIN_GCC_ARM\libmbed.a(Serial.o)
                0x000029f8                non-virtual thunk to mbed::Serial::~Serial()
                0x00002a08                non-virtual thunk to mbed::Serial::~Serial()
 .text._ZN4mbed6SerialD0Ev
                0x00002a18       0x50 .././mbed/TARGET_SAMR21G18A/TOOLCHAIN_GCC_ARM\libmbed.a(Serial.o)
                0x00002a18                mbed::Serial::~Serial()
                0x00002a48                non-virtual thunk to mbed::Serial::~Serial()
                0x00002a58                non-virtual thunk to mbed::Serial::~Serial()
 .text._ZN4mbed6SerialC2E7PinNameS1_PKc
                0x00002a68       0x34 .././mbed/TARGET_SAMR21G18A/TOOLCHAIN_GCC_ARM\libmbed.a(Serial.o)
                0x00002a68                mbed::Serial::Serial(PinName, PinName, char const*)
                0x00002a68                mbed::Serial::Serial(PinName, PinName, char const*)
 .text._ZN4mbed10SerialBase12_irq_handlerEm9SerialIrq
                0x00002a9c       0x30 .././mbed/TARGET_SAMR21G18A/TOOLCHAIN_GCC_ARM\libmbed.a(SerialBase.o)
                0x00002a9c                mbed::SerialBase::_irq_handler(unsigned long, SerialIrq)
 .text._ZN6CThunkIN4mbed10SerialBaseEE10trampolineEPS1_PvPMS1_FvS4_E
                0x00002acc       0x2c .././mbed/TARGET_SAMR21G18A/TOOLCHAIN_GCC_ARM\libmbed.a(SerialBase.o)
                0x00002acc                CThunk<mbed::SerialBase>::trampoline(mbed::SerialBase*, void*, void (mbed::SerialBase::**)(void*))
 .text._ZN4mbed10SerialBaseC2E7PinNameS1_
                0x00002af8       0xb0 .././mbed/TARGET_SAMR21G18A/TOOLCHAIN_GCC_ARM\libmbed.a(SerialBase.o)
                0x00002af8                mbed::SerialBase::SerialBase(PinName, PinName)
                0x00002af8                mbed::SerialBase::SerialBase(PinName, PinName)
 .text._ZN4mbed10SerialBase10_base_getcEv
                0x00002ba8        0xc .././mbed/TARGET_SAMR21G18A/TOOLCHAIN_GCC_ARM\libmbed.a(SerialBase.o)
                0x00002ba8                mbed::SerialBase::_base_getc()
 .text._ZN4mbed10SerialBase10_base_putcEi
                0x00002bb4       0x10 .././mbed/TARGET_SAMR21G18A/TOOLCHAIN_GCC_ARM\libmbed.a(SerialBase.o)
                0x00002bb4                mbed::SerialBase::_base_putc(int)
 .text._ZN4mbed6Stream5closeEv
                0x00002bc4        0x4 .././mbed/TARGET_SAMR21G18A/TOOLCHAIN_GCC_ARM\libmbed.a(Stream.o)
                0x00002bc4                mbed::Stream::close()
 .text._ZN4mbed6Stream5writeEPKvj
                0x00002bc8       0x2c .././mbed/TARGET_SAMR21G18A/TOOLCHAIN_GCC_ARM\libmbed.a(Stream.o)
                0x00002bc8                mbed::Stream::write(void const*, unsigned int)
 .text._ZN4mbed6Stream4readEPvj
                0x00002bf4       0x2c .././mbed/TARGET_SAMR21G18A/TOOLCHAIN_GCC_ARM\libmbed.a(Stream.o)
                0x00002bf4                mbed::Stream::read(void*, unsigned int)
 .text._ZN4mbed6Stream5lseekEli
                0x00002c20        0x4 .././mbed/TARGET_SAMR21G18A/TOOLCHAIN_GCC_ARM\libmbed.a(Stream.o)
                0x00002c20                mbed::Stream::lseek(long, int)
 .text._ZN4mbed6Stream6isattyEv
                0x00002c24        0x4 .././mbed/TARGET_SAMR21G18A/TOOLCHAIN_GCC_ARM\libmbed.a(Stream.o)
                0x00002c24                mbed::Stream::isatty()
 .text._ZN4mbed6Stream5fsyncEv
                0x00002c28        0x4 .././mbed/TARGET_SAMR21G18A/TOOLCHAIN_GCC_ARM\libmbed.a(Stream.o)
                0x00002c28                mbed::Stream::fsync()
 .text._ZN4mbed6Stream4flenEv
                0x00002c2c        0x4 .././mbed/TARGET_SAMR21G18A/TOOLCHAIN_GCC_ARM\libmbed.a(Stream.o)
                0x00002c2c                mbed::Stream::flen()
 .text._ZN4mbed6StreamC2EPKc
                0x00002c30       0x44 .././mbed/TARGET_SAMR21G18A/TOOLCHAIN_GCC_ARM\libmbed.a(Stream.o)
                0x00002c30                mbed::Stream::Stream(char const*)
                0x00002c30                mbed::Stream::Stream(char const*)
 .text._ZN4mbed6StreamD2Ev
                0x00002c74       0x24 .././mbed/TARGET_SAMR21G18A/TOOLCHAIN_GCC_ARM\libmbed.a(Stream.o)
                0x00002c74                mbed::Stream::~Stream()
                0x00002c74                mbed::Stream::~Stream()
 .text._ZN4mbed6Stream4putcEi
                0x00002c98       0x18 .././mbed/TARGET_SAMR21G18A/TOOLCHAIN_GCC_ARM\libmbed.a(Stream.o)
                0x00002c98                mbed::Stream::putc(int)
 .text._ZN4mbed6Stream4getcEv
                0x00002cb0       0x14 .././mbed/TARGET_SAMR21G18A/TOOLCHAIN_GCC_ARM\libmbed.a(Stream.o)
                0x00002cb0                mbed::Stream::getc()
 .text.mbed_assert_internal
                0x00002cc4       0x18 .././mbed/TARGET_SAMR21G18A/TOOLCHAIN_GCC_ARM\libmbed.a(assert.o)
                0x00002cc4                mbed_assert_internal
 .text.error    0x00002cdc        0xc .././mbed/TARGET_SAMR21G18A/TOOLCHAIN_GCC_ARM\libmbed.a(error.o)
                0x00002cdc                error
 .text.gpio_init_in
                0x00002ce8       0x20 .././mbed/TARGET_SAMR21G18A/TOOLCHAIN_GCC_ARM\libmbed.a(gpio.o)
                0x00002ce8                gpio_init_in
 .text.gpio_init_out
                0x00002d08       0x44 .././mbed/TARGET_SAMR21G18A/TOOLCHAIN_GCC_ARM\libmbed.a(gpio.o)
                0x00002d08                gpio_init_out
 .text.pinmap_find_peripheral
                0x00002d4c       0x18 .././mbed/TARGET_SAMR21G18A/TOOLCHAIN_GCC_ARM\libmbed.a(pinmap_common.o)
                0x00002d4c                pinmap_find_peripheral
 .text.pinmap_peripheral
                0x00002d64       0x30 .././mbed/TARGET_SAMR21G18A/TOOLCHAIN_GCC_ARM\libmbed.a(pinmap_common.o)
                0x00002d64                pinmap_peripheral
 .text.pinmap_function
                0x00002d94       0x30 .././mbed/TARGET_SAMR21G18A/TOOLCHAIN_GCC_ARM\libmbed.a(pinmap_common.o)
                0x00002d94                pinmap_function
 .text.wait_us  0x00002dc4       0x18 .././mbed/TARGET_SAMR21G18A/TOOLCHAIN_GCC_ARM\libmbed.a(wait_api.o)
                0x00002dc4                wait_us
 .text.wait     0x00002ddc       0x18 .././mbed/TARGET_SAMR21G18A/TOOLCHAIN_GCC_ARM\libmbed.a(wait_api.o)
                0x00002ddc                wait
 .text.wait_ms  0x00002df4       0x10 .././mbed/TARGET_SAMR21G18A/TOOLCHAIN_GCC_ARM\libmbed.a(wait_api.o)
                0x00002df4                wait_ms
 .text._extint_enable
                0x00002e04       0x18 .././mbed/TARGET_SAMR21G18A/TOOLCHAIN_GCC_ARM\libmbed.a(extint.o)
 .text._system_extint_init
                0x00002e1c       0x60 .././mbed/TARGET_SAMR21G18A/TOOLCHAIN_GCC_ARM\libmbed.a(extint.o)
                0x00002e1c                _system_extint_init
 .text.extint_chan_get_config_defaults
                0x00002e7c       0x14 .././mbed/TARGET_SAMR21G18A/TOOLCHAIN_GCC_ARM\libmbed.a(extint.o)
                0x00002e7c                extint_chan_get_config_defaults
 .text.extint_chan_set_config
                0x00002e90       0x74 .././mbed/TARGET_SAMR21G18A/TOOLCHAIN_GCC_ARM\libmbed.a(extint.o)
                0x00002e90                extint_chan_set_config
 .text._sercom_get_sync_baud_val
                0x00002f04       0x28 .././mbed/TARGET_SAMR21G18A/TOOLCHAIN_GCC_ARM\libmbed.a(sercom.o)
                0x00002f04                _sercom_get_sync_baud_val
 .text._sercom_get_async_baud_val
                0x00002f2c      0x190 .././mbed/TARGET_SAMR21G18A/TOOLCHAIN_GCC_ARM\libmbed.a(sercom.o)
                0x00002f2c                _sercom_get_async_baud_val
 .text.sercom_set_gclk_generator
                0x000030bc       0x40 .././mbed/TARGET_SAMR21G18A/TOOLCHAIN_GCC_ARM\libmbed.a(sercom.o)
                0x000030bc                sercom_set_gclk_generator
 .text._sercom_get_sercom_inst_index
                0x000030fc       0x30 .././mbed/TARGET_SAMR21G18A/TOOLCHAIN_GCC_ARM\libmbed.a(sercom.o)
                0x000030fc                _sercom_get_sercom_inst_index
 .text._system_pinmux_config
                0x0000312c       0xb0 .././mbed/TARGET_SAMR21G18A/TOOLCHAIN_GCC_ARM\libmbed.a(pinmux.o)
 .text.system_pinmux_pin_set_config
                0x000031dc       0x2c .././mbed/TARGET_SAMR21G18A/TOOLCHAIN_GCC_ARM\libmbed.a(pinmux.o)
                0x000031dc                system_pinmux_pin_set_config
 .text.system_gclk_init
                0x00003208       0x24 .././mbed/TARGET_SAMR21G18A/TOOLCHAIN_GCC_ARM\libmbed.a(gclk.o)
                0x00003208                system_gclk_init
 .text.system_gclk_gen_set_config
                0x0000322c       0x94 .././mbed/TARGET_SAMR21G18A/TOOLCHAIN_GCC_ARM\libmbed.a(gclk.o)
                0x0000322c                system_gclk_gen_set_config
 .text.system_gclk_gen_enable
                0x000032c0       0x3c .././mbed/TARGET_SAMR21G18A/TOOLCHAIN_GCC_ARM\libmbed.a(gclk.o)
                0x000032c0                system_gclk_gen_enable
 .text.system_gclk_gen_get_hz
                0x000032fc       0x78 .././mbed/TARGET_SAMR21G18A/TOOLCHAIN_GCC_ARM\libmbed.a(gclk.o)
                0x000032fc                system_gclk_gen_get_hz
 .text.system_gclk_chan_enable
                0x00003374       0x28 .././mbed/TARGET_SAMR21G18A/TOOLCHAIN_GCC_ARM\libmbed.a(gclk.o)
                0x00003374                system_gclk_chan_enable
 .text.system_gclk_chan_disable
                0x0000339c       0x54 .././mbed/TARGET_SAMR21G18A/TOOLCHAIN_GCC_ARM\libmbed.a(gclk.o)
                0x0000339c                system_gclk_chan_disable
 .text.system_gclk_chan_set_config
                0x000033f0       0x18 .././mbed/TARGET_SAMR21G18A/TOOLCHAIN_GCC_ARM\libmbed.a(gclk.o)
                0x000033f0                system_gclk_chan_set_config
 .text.system_gclk_chan_get_hz
                0x00003408       0x28 .././mbed/TARGET_SAMR21G18A/TOOLCHAIN_GCC_ARM\libmbed.a(gclk.o)
                0x00003408                system_gclk_chan_get_hz
 .text.gpio_set
                0x00003430       0x30 .././mbed/TARGET_SAMR21G18A/TOOLCHAIN_GCC_ARM\libmbed.a(gpio_api.o)
                0x00003430                gpio_set
 .text.gpio_init
                0x00003460       0x80 .././mbed/TARGET_SAMR21G18A/TOOLCHAIN_GCC_ARM\libmbed.a(gpio_api.o)
                0x00003460                gpio_init
 .text.gpio_mode
                0x000034e0       0x50 .././mbed/TARGET_SAMR21G18A/TOOLCHAIN_GCC_ARM\libmbed.a(gpio_api.o)
                0x000034e0                gpio_mode
 .text.gpio_dir
                0x00003530       0x50 .././mbed/TARGET_SAMR21G18A/TOOLCHAIN_GCC_ARM\libmbed.a(gpio_api.o)
                0x00003530                gpio_dir
 .text.pin_mode
                0x00003580      0x120 .././mbed/TARGET_SAMR21G18A/TOOLCHAIN_GCC_ARM\libmbed.a(pinmap.o)
                0x00003580                pin_mode
 .text.pinmap_find_peripheral_from_pad.part.0
                0x000036a0       0x28 .././mbed/TARGET_SAMR21G18A/TOOLCHAIN_GCC_ARM\libmbed.a(pinmap_function.o)
 .text.pinmap_merge_sercom
                0x000036c8       0x58 .././mbed/TARGET_SAMR21G18A/TOOLCHAIN_GCC_ARM\libmbed.a(pinmap_function.o)
                0x000036c8                pinmap_merge_sercom
 .text.pinmap_find_sercom
                0x00003720       0x80 .././mbed/TARGET_SAMR21G18A/TOOLCHAIN_GCC_ARM\libmbed.a(pinmap_function.o)
                0x00003720                pinmap_find_sercom
 .text.pinmap_function_sercom
                0x000037a0       0x48 .././mbed/TARGET_SAMR21G18A/TOOLCHAIN_GCC_ARM\libmbed.a(pinmap_function.o)
                0x000037a0                pinmap_function_sercom
 .text.pinmap_pad_sercom
                0x000037e8       0x44 .././mbed/TARGET_SAMR21G18A/TOOLCHAIN_GCC_ARM\libmbed.a(pinmap_function.o)
                0x000037e8                pinmap_pad_sercom
 .text.pinmap_peripheral_sercom
                0x0000382c       0x2c .././mbed/TARGET_SAMR21G18A/TOOLCHAIN_GCC_ARM\libmbed.a(pinmap_function.o)
                0x0000382c                pinmap_peripheral_sercom
 .text.us_ticker_irq_handler_internal
                0x00003858       0x14 .././mbed/TARGET_SAMR21G18A/TOOLCHAIN_GCC_ARM\libmbed.a(us_ticker.o)
                0x00003858                us_ticker_irq_handler_internal
 .text.us_ticker_init.part.5
                0x0000386c       0xfc .././mbed/TARGET_SAMR21G18A/TOOLCHAIN_GCC_ARM\libmbed.a(us_ticker.o)
 .text.us_ticker_init
                0x00003968       0x14 .././mbed/TARGET_SAMR21G18A/TOOLCHAIN_GCC_ARM\libmbed.a(us_ticker.o)
                0x00003968                us_ticker_init
 .text.us_ticker_read
                0x0000397c       0x20 .././mbed/TARGET_SAMR21G18A/TOOLCHAIN_GCC_ARM\libmbed.a(us_ticker.o)
                0x0000397c                us_ticker_read
 .text.us_ticker_set_interrupt
                0x0000399c       0x68 .././mbed/TARGET_SAMR21G18A/TOOLCHAIN_GCC_ARM\libmbed.a(us_ticker.o)
                0x0000399c                us_ticker_set_interrupt
 .text.us_ticker_disable_interrupt
                0x00003a04       0x24 .././mbed/TARGET_SAMR21G18A/TOOLCHAIN_GCC_ARM\libmbed.a(us_ticker.o)
                0x00003a04                us_ticker_disable_interrupt
 .text.us_ticker_clear_interrupt
                0x00003a28       0x20 .././mbed/TARGET_SAMR21G18A/TOOLCHAIN_GCC_ARM\libmbed.a(us_ticker.o)
                0x00003a28                us_ticker_clear_interrupt
 .text.cpu_irq_enter_critical
                0x00003a48       0x3c .././mbed/TARGET_SAMR21G18A/TOOLCHAIN_GCC_ARM\libmbed.a(interrupt_sam_nvic.o)
                0x00003a48                cpu_irq_enter_critical
 .text.cpu_irq_leave_critical
                0x00003a84       0x30 .././mbed/TARGET_SAMR21G18A/TOOLCHAIN_GCC_ARM\libmbed.a(interrupt_sam_nvic.o)
                0x00003a84                cpu_irq_leave_critical
 .text.spi_find_mux_settings
                0x00003ab4       0xa0 .././mbed/TARGET_SAMR21G18A/TOOLCHAIN_GCC_ARM\libmbed.a(spi_api.o)
 .text.spi_init
                0x00003b54      0x1f0 .././mbed/TARGET_SAMR21G18A/TOOLCHAIN_GCC_ARM\libmbed.a(spi_api.o)
                0x00003b54                spi_init
 .text.spi_format
                0x00003d44      0x168 .././mbed/TARGET_SAMR21G18A/TOOLCHAIN_GCC_ARM\libmbed.a(spi_api.o)
                0x00003d44                spi_format
 .text.spi_frequency
                0x00003eac       0xf8 .././mbed/TARGET_SAMR21G18A/TOOLCHAIN_GCC_ARM\libmbed.a(spi_api.o)
                0x00003eac                spi_frequency
 .text.spi_master_write
                0x00003fa4      0x10c .././mbed/TARGET_SAMR21G18A/TOOLCHAIN_GCC_ARM\libmbed.a(spi_api.o)
                0x00003fa4                spi_master_write
 .text._ZN4mbed8FileBaseD2Ev
                0x000040b0       0x34 .././mbed/TARGET_SAMR21G18A/TOOLCHAIN_GCC_ARM\libmbed.a(FileBase.o)
                0x000040b0                mbed::FileBase::~FileBase()
                0x000040b0                mbed::FileBase::~FileBase()
 .text._ZN4mbed8FileBaseD0Ev
                0x000040e4       0x40 .././mbed/TARGET_SAMR21G18A/TOOLCHAIN_GCC_ARM\libmbed.a(FileBase.o)
                0x000040e4                mbed::FileBase::~FileBase()
 .text._ZN4mbed8FileBaseC2EPKcNS_8PathTypeE
                0x00004124       0x24 .././mbed/TARGET_SAMR21G18A/TOOLCHAIN_GCC_ARM\libmbed.a(FileBase.o)
                0x00004124                mbed::FileBase::FileBase(char const*, mbed::PathType)
                0x00004124                mbed::FileBase::FileBase(char const*, mbed::PathType)
 .text._ZN4mbed8FileBase6lookupEPKcj
                0x00004148       0x40 .././mbed/TARGET_SAMR21G18A/TOOLCHAIN_GCC_ARM\libmbed.a(FileBase.o)
                0x00004148                mbed::FileBase::lookup(char const*, unsigned int)
 .text._ZN4mbed8FileBase11getPathTypeEv
                0x00004188        0x4 .././mbed/TARGET_SAMR21G18A/TOOLCHAIN_GCC_ARM\libmbed.a(FileBase.o)
                0x00004188                mbed::FileBase::getPathType()
 .text._ZN4mbed8FileLikeC2EPKc
                0x0000418c       0x28 .././mbed/TARGET_SAMR21G18A/TOOLCHAIN_GCC_ARM\libmbed.a(FileLike.o)
                0x0000418c                mbed::FileLike::FileLike(char const*)
                0x0000418c                mbed::FileLike::FileLike(char const*)
 .text._ZN4mbed8FileLikeD2Ev
                0x000041b4       0x24 .././mbed/TARGET_SAMR21G18A/TOOLCHAIN_GCC_ARM\libmbed.a(FileLike.o)
                0x000041b4                mbed::FileLike::~FileLike()
                0x000041b4                mbed::FileLike::~FileLike()
 .text.us_ticker_irq_handler
                0x000041d8       0x10 .././mbed/TARGET_SAMR21G18A/TOOLCHAIN_GCC_ARM\libmbed.a(us_ticker_api.o)
                0x000041d8                us_ticker_irq_handler
 .text.port_pin_set_config
                0x000041e8       0x20 .././mbed/TARGET_SAMR21G18A/TOOLCHAIN_GCC_ARM\libmbed.a(port.o)
                0x000041e8                port_pin_set_config
 .text.system_clock_source_get_hz
                0x00004208       0x88 .././mbed/TARGET_SAMR21G18A/TOOLCHAIN_GCC_ARM\libmbed.a(clock.o)
                0x00004208                system_clock_source_get_hz
 .text.system_clock_source_enable
                0x00004290       0xa0 .././mbed/TARGET_SAMR21G18A/TOOLCHAIN_GCC_ARM\libmbed.a(clock.o)
                0x00004290                system_clock_source_enable
 .text.system_clock_init
                0x00004330       0xec .././mbed/TARGET_SAMR21G18A/TOOLCHAIN_GCC_ARM\libmbed.a(clock.o)
                0x00004330                system_clock_init
 .text.tc_register_callback
                0x0000441c       0x34 .././mbed/TARGET_SAMR21G18A/TOOLCHAIN_GCC_ARM\libmbed.a(tc_interrupt.o)
                0x0000441c                tc_register_callback
 .text._tc_interrupt_handler
                0x00004450       0x60 .././mbed/TARGET_SAMR21G18A/TOOLCHAIN_GCC_ARM\libmbed.a(tc_interrupt.o)
                0x00004450                _tc_interrupt_handler
 .text.TC3_Handler
                0x000044b0        0xc .././mbed/TARGET_SAMR21G18A/TOOLCHAIN_GCC_ARM\libmbed.a(tc_interrupt.o)
                0x000044b0                TC3_Handler
 .text.TC4_Handler
                0x000044bc        0xc .././mbed/TARGET_SAMR21G18A/TOOLCHAIN_GCC_ARM\libmbed.a(tc_interrupt.o)
                0x000044bc                TC4_Handler
 .text.TC5_Handler
                0x000044c8        0xc .././mbed/TARGET_SAMR21G18A/TOOLCHAIN_GCC_ARM\libmbed.a(tc_interrupt.o)
                0x000044c8                TC5_Handler
 .text._tc_get_inst_index
                0x000044d4       0x40 .././mbed/TARGET_SAMR21G18A/TOOLCHAIN_GCC_ARM\libmbed.a(tc.o)
                0x000044d4                _tc_get_inst_index
 .text.tc_init  0x00004514      0x2a4 .././mbed/TARGET_SAMR21G18A/TOOLCHAIN_GCC_ARM\libmbed.a(tc.o)
                0x00004514                tc_init
 .text.tc_get_count_value
                0x000047b8       0x2c .././mbed/TARGET_SAMR21G18A/TOOLCHAIN_GCC_ARM\libmbed.a(tc.o)
                0x000047b8                tc_get_count_value
 .text.tc_set_compare_value
                0x000047e4       0x50 .././mbed/TARGET_SAMR21G18A/TOOLCHAIN_GCC_ARM\libmbed.a(tc.o)
                0x000047e4                tc_set_compare_value
 .text.ticker_irq_handler
                0x00004834       0x4c .././mbed/TARGET_SAMR21G18A/TOOLCHAIN_GCC_ARM\libmbed.a(ticker_api.o)
                0x00004834                ticker_irq_handler
 .text._ZdlPv   0x00004880        0x8 c:/program files (x86)/atmel/studio/7.0/toolchain/arm/arm-gnu-toolchain/bin/../lib/gcc/arm-none-eabi/4.9.3/../../../../arm-none-eabi/lib/armv6-m\libstdc++_nano.a(del_op.o)
                0x00004880                operator delete(void*)
 .text._Znwj    0x00004888       0x24 c:/program files (x86)/atmel/studio/7.0/toolchain/arm/arm-gnu-toolchain/bin/../lib/gcc/arm-none-eabi/4.9.3/../../../../arm-none-eabi/lib/armv6-m\libstdc++_nano.a(new_op.o)
                0x00004888                operator new(unsigned int)
 .text._ZSt15get_new_handlerv
                0x000048ac        0xc c:/program files (x86)/atmel/studio/7.0/toolchain/arm/arm-gnu-toolchain/bin/../lib/gcc/arm-none-eabi/4.9.3/../../../../arm-none-eabi/lib/armv6-m\libstdc++_nano.a(new_handler.o)
                0x000048ac                std::get_new_handler()
 .text          0x000048b8      0x120 c:/program files (x86)/atmel/studio/7.0/toolchain/arm/arm-gnu-toolchain/bin/../lib/gcc/arm-none-eabi/4.9.3/armv6-m\libgcc.a(_udivsi3.o)
                0x000048b8                __aeabi_uidiv
                0x000048b8                __udivsi3
                0x000049c4                __aeabi_uidivmod
 .text          0x000049d8      0x1e0 c:/program files (x86)/atmel/studio/7.0/toolchain/arm/arm-gnu-toolchain/bin/../lib/gcc/arm-none-eabi/4.9.3/armv6-m\libgcc.a(_divsi3.o)
                0x000049d8                __divsi3
                0x000049d8                __aeabi_idiv
                0x00004ba4                __aeabi_idivmod
 .text          0x00004bb8        0x4 c:/program files (x86)/atmel/studio/7.0/toolchain/arm/arm-gnu-toolchain/bin/../lib/gcc/arm-none-eabi/4.9.3/armv6-m\libgcc.a(_dvmd_tls.o)
                0x00004bb8                __aeabi_idiv0
                0x00004bb8                __aeabi_ldiv0
 .text          0x00004bbc       0x54 c:/program files (x86)/atmel/studio/7.0/toolchain/arm/arm-gnu-toolchain/bin/../lib/gcc/arm-none-eabi/4.9.3/armv6-m\libgcc.a(_muldi3.o)
                0x00004bbc                __muldi3
                0x00004bbc                __aeabi_lmul
 .text          0x00004c10      0x264 c:/program files (x86)/atmel/studio/7.0/toolchain/arm/arm-gnu-toolchain/bin/../lib/gcc/arm-none-eabi/4.9.3/armv6-m\libgcc.a(mulsf3.o)
                0x00004c10                __aeabi_fmul
 .text          0x00004e74       0x40 c:/program files (x86)/atmel/studio/7.0/toolchain/arm/arm-gnu-toolchain/bin/../lib/gcc/arm-none-eabi/4.9.3/armv6-m\libgcc.a(fixsfsi.o)
                0x00004e74                __aeabi_f2iz
 .text          0x00004eb4       0x3c c:/program files (x86)/atmel/studio/7.0/toolchain/arm/arm-gnu-toolchain/bin/../lib/gcc/arm-none-eabi/4.9.3/armv6-m\libgcc.a(_clzsi2.o)
                0x00004eb4                __clzsi2
 .text.abort    0x00004ef0        0xe c:/program files (x86)/atmel/studio/7.0/toolchain/arm/arm-gnu-toolchain/bin/../lib/gcc/arm-none-eabi/4.9.3/../../../../arm-none-eabi/lib/armv6-m\libc_nano.a(lib_a-abort.o)
                0x00004ef0                abort
 *fill*         0x00004efe        0x2 
 .text.__errno  0x00004f00        0xc c:/program files (x86)/atmel/studio/7.0/toolchain/arm/arm-gnu-toolchain/bin/../lib/gcc/arm-none-eabi/4.9.3/../../../../arm-none-eabi/lib/armv6-m\libc_nano.a(lib_a-errno.o)
                0x00004f00                __errno
 .text.exit     0x00004f0c       0x2c c:/program files (x86)/atmel/studio/7.0/toolchain/arm/arm-gnu-toolchain/bin/../lib/gcc/arm-none-eabi/4.9.3/../../../../arm-none-eabi/lib/armv6-m\libc_nano.a(lib_a-exit.o)
                0x00004f0c                exit
 .text._fclose_r
                0x00004f38       0xb0 c:/program files (x86)/atmel/studio/7.0/toolchain/arm/arm-gnu-toolchain/bin/../lib/gcc/arm-none-eabi/4.9.3/../../../../arm-none-eabi/lib/armv6-m\libc_nano.a(lib_a-fclose.o)
                0x00004f38                _fclose_r
 .text.fclose   0x00004fe8       0x14 c:/program files (x86)/atmel/studio/7.0/toolchain/arm/arm-gnu-toolchain/bin/../lib/gcc/arm-none-eabi/4.9.3/../../../../arm-none-eabi/lib/armv6-m\libc_nano.a(lib_a-fclose.o)
                0x00004fe8                fclose
 .text.__sflush_r
                0x00004ffc      0x112 c:/program files (x86)/atmel/studio/7.0/toolchain/arm/arm-gnu-toolchain/bin/../lib/gcc/arm-none-eabi/4.9.3/../../../../arm-none-eabi/lib/armv6-m\libc_nano.a(lib_a-fflush.o)
                0x00004ffc                __sflush_r
 *fill*         0x0000510e        0x2 
 .text._fflush_r
                0x00005110       0x58 c:/program files (x86)/atmel/studio/7.0/toolchain/arm/arm-gnu-toolchain/bin/../lib/gcc/arm-none-eabi/4.9.3/../../../../arm-none-eabi/lib/armv6-m\libc_nano.a(lib_a-fflush.o)
                0x00005110                _fflush_r
 .text.fflush   0x00005168       0x28 c:/program files (x86)/atmel/studio/7.0/toolchain/arm/arm-gnu-toolchain/bin/../lib/gcc/arm-none-eabi/4.9.3/../../../../arm-none-eabi/lib/armv6-m\libc_nano.a(lib_a-fflush.o)
                0x00005168                fflush
 .text._fgetc_r
                0x00005190       0x5c c:/program files (x86)/atmel/studio/7.0/toolchain/arm/arm-gnu-toolchain/bin/../lib/gcc/arm-none-eabi/4.9.3/../../../../arm-none-eabi/lib/armv6-m\libc_nano.a(lib_a-fgetc.o)
                0x00005190                _fgetc_r
 .text.fgetc    0x000051ec       0x14 c:/program files (x86)/atmel/studio/7.0/toolchain/arm/arm-gnu-toolchain/bin/../lib/gcc/arm-none-eabi/4.9.3/../../../../arm-none-eabi/lib/armv6-m\libc_nano.a(lib_a-fgetc.o)
                0x000051ec                fgetc
 .text._cleanup_r
                0x00005200       0x10 c:/program files (x86)/atmel/studio/7.0/toolchain/arm/arm-gnu-toolchain/bin/../lib/gcc/arm-none-eabi/4.9.3/../../../../arm-none-eabi/lib/armv6-m\libc_nano.a(lib_a-findfp.o)
                0x00005200                _cleanup_r
 .text.std.isra.0
                0x00005210       0x48 c:/program files (x86)/atmel/studio/7.0/toolchain/arm/arm-gnu-toolchain/bin/../lib/gcc/arm-none-eabi/4.9.3/../../../../arm-none-eabi/lib/armv6-m\libc_nano.a(lib_a-findfp.o)
 .text.__sfmoreglue
                0x00005258       0x2c c:/program files (x86)/atmel/studio/7.0/toolchain/arm/arm-gnu-toolchain/bin/../lib/gcc/arm-none-eabi/4.9.3/../../../../arm-none-eabi/lib/armv6-m\libc_nano.a(lib_a-findfp.o)
                0x00005258                __sfmoreglue
 .text.__sinit  0x00005284       0x64 c:/program files (x86)/atmel/studio/7.0/toolchain/arm/arm-gnu-toolchain/bin/../lib/gcc/arm-none-eabi/4.9.3/../../../../arm-none-eabi/lib/armv6-m\libc_nano.a(lib_a-findfp.o)
                0x00005284                __sinit
 .text.__sfp    0x000052e8       0x7c c:/program files (x86)/atmel/studio/7.0/toolchain/arm/arm-gnu-toolchain/bin/../lib/gcc/arm-none-eabi/4.9.3/../../../../arm-none-eabi/lib/armv6-m\libc_nano.a(lib_a-findfp.o)
                0x000052e8                __sfp
 .text.__sfp_lock_acquire
                0x00005364        0x2 c:/program files (x86)/atmel/studio/7.0/toolchain/arm/arm-gnu-toolchain/bin/../lib/gcc/arm-none-eabi/4.9.3/../../../../arm-none-eabi/lib/armv6-m\libc_nano.a(lib_a-findfp.o)
                0x00005364                __sfp_lock_acquire
 .text.__sfp_lock_release
                0x00005366        0x2 c:/program files (x86)/atmel/studio/7.0/toolchain/arm/arm-gnu-toolchain/bin/../lib/gcc/arm-none-eabi/4.9.3/../../../../arm-none-eabi/lib/armv6-m\libc_nano.a(lib_a-findfp.o)
                0x00005366                __sfp_lock_release
 .text._fopen_r
                0x00005368       0x7c c:/program files (x86)/atmel/studio/7.0/toolchain/arm/arm-gnu-toolchain/bin/../lib/gcc/arm-none-eabi/4.9.3/../../../../arm-none-eabi/lib/armv6-m\libc_nano.a(lib_a-fopen.o)
                0x00005368                _fopen_r
 .text.fopen    0x000053e4       0x18 c:/program files (x86)/atmel/studio/7.0/toolchain/arm/arm-gnu-toolchain/bin/../lib/gcc/arm-none-eabi/4.9.3/../../../../arm-none-eabi/lib/armv6-m\libc_nano.a(lib_a-fopen.o)
                0x000053e4                fopen
 .text._fputc_r
                0x000053fc       0x4c c:/program files (x86)/atmel/studio/7.0/toolchain/arm/arm-gnu-toolchain/bin/../lib/gcc/arm-none-eabi/4.9.3/../../../../arm-none-eabi/lib/armv6-m\libc_nano.a(lib_a-fputc.o)
                0x000053fc                _fputc_r
 .text.fputc    0x00005448       0x18 c:/program files (x86)/atmel/studio/7.0/toolchain/arm/arm-gnu-toolchain/bin/../lib/gcc/arm-none-eabi/4.9.3/../../../../arm-none-eabi/lib/armv6-m\libc_nano.a(lib_a-fputc.o)
                0x00005448                fputc
 .text._fseek_r
                0x00005460        0x8 c:/program files (x86)/atmel/studio/7.0/toolchain/arm/arm-gnu-toolchain/bin/../lib/gcc/arm-none-eabi/4.9.3/../../../../arm-none-eabi/lib/armv6-m\libc_nano.a(lib_a-fseek.o)
                0x00005460                _fseek_r
 .text._fseeko_r
                0x00005468      0x130 c:/program files (x86)/atmel/studio/7.0/toolchain/arm/arm-gnu-toolchain/bin/../lib/gcc/arm-none-eabi/4.9.3/../../../../arm-none-eabi/lib/armv6-m\libc_nano.a(lib_a-fseeko.o)
                0x00005468                _fseeko_r
 .text._fwalk   0x00005598       0x38 c:/program files (x86)/atmel/studio/7.0/toolchain/arm/arm-gnu-toolchain/bin/../lib/gcc/arm-none-eabi/4.9.3/../../../../arm-none-eabi/lib/armv6-m\libc_nano.a(lib_a-fwalk.o)
                0x00005598                _fwalk
 .text._fwalk_reent
                0x000055d0       0x42 c:/program files (x86)/atmel/studio/7.0/toolchain/arm/arm-gnu-toolchain/bin/../lib/gcc/arm-none-eabi/4.9.3/../../../../arm-none-eabi/lib/armv6-m\libc_nano.a(lib_a-fwalk.o)
                0x000055d0                _fwalk_reent
 *fill*         0x00005612        0x2 
 .text.__libc_init_array
                0x00005614       0x4c c:/program files (x86)/atmel/studio/7.0/toolchain/arm/arm-gnu-toolchain/bin/../lib/gcc/arm-none-eabi/4.9.3/../../../../arm-none-eabi/lib/armv6-m\libc_nano.a(lib_a-init.o)
                0x00005614                __libc_init_array
 .text.__smakebuf_r
                0x00005660       0xb0 c:/program files (x86)/atmel/studio/7.0/toolchain/arm/arm-gnu-toolchain/bin/../lib/gcc/arm-none-eabi/4.9.3/../../../../arm-none-eabi/lib/armv6-m\libc_nano.a(lib_a-makebuf.o)
                0x00005660                __smakebuf_r
 .text.malloc   0x00005710       0x14 c:/program files (x86)/atmel/studio/7.0/toolchain/arm/arm-gnu-toolchain/bin/../lib/gcc/arm-none-eabi/4.9.3/../../../../arm-none-eabi/lib/armv6-m\libc_nano.a(lib_a-malloc.o)
                0x00005710                malloc
 .text.free     0x00005724       0x14 c:/program files (x86)/atmel/studio/7.0/toolchain/arm/arm-gnu-toolchain/bin/../lib/gcc/arm-none-eabi/4.9.3/../../../../arm-none-eabi/lib/armv6-m\libc_nano.a(lib_a-malloc.o)
                0x00005724                free
 .text.memchr   0x00005738       0x16 c:/program files (x86)/atmel/studio/7.0/toolchain/arm/arm-gnu-toolchain/bin/../lib/gcc/arm-none-eabi/4.9.3/../../../../arm-none-eabi/lib/armv6-m\libc_nano.a(lib_a-memchr.o)
                0x00005738                memchr
 .text.memcpy   0x0000574e       0x12 c:/program files (x86)/atmel/studio/7.0/toolchain/arm/arm-gnu-toolchain/bin/../lib/gcc/arm-none-eabi/4.9.3/../../../../arm-none-eabi/lib/armv6-m\libc_nano.a(lib_a-memcpy.o)
                0x0000574e                memcpy
 .text.memset   0x00005760       0x10 c:/program files (x86)/atmel/studio/7.0/toolchain/arm/arm-gnu-toolchain/bin/../lib/gcc/arm-none-eabi/4.9.3/../../../../arm-none-eabi/lib/armv6-m\libc_nano.a(lib_a-memset.o)
                0x00005760                memset
 .text._free_r  0x00005770       0x8c c:/program files (x86)/atmel/studio/7.0/toolchain/arm/arm-gnu-toolchain/bin/../lib/gcc/arm-none-eabi/4.9.3/../../../../arm-none-eabi/lib/armv6-m\libc_nano.a(lib_a-nano-freer.o)
                0x00005770                _free_r
 .text._malloc_r
                0x000057fc       0xb0 c:/program files (x86)/atmel/studio/7.0/toolchain/arm/arm-gnu-toolchain/bin/../lib/gcc/arm-none-eabi/4.9.3/../../../../arm-none-eabi/lib/armv6-m\libc_nano.a(lib_a-nano-mallocr.o)
                0x000057fc                _malloc_r
 .text.__cvt    0x000058ac       0xc8 c:/program files (x86)/atmel/studio/7.0/toolchain/arm/arm-gnu-toolchain/bin/../lib/gcc/arm-none-eabi/4.9.3/../../../../arm-none-eabi/lib/armv6-m\libc_nano.a(lib_a-nano-vfprintf_float.o)
                0x000058ac                __cvt
 .text.__exponent
                0x00005974       0x62 c:/program files (x86)/atmel/studio/7.0/toolchain/arm/arm-gnu-toolchain/bin/../lib/gcc/arm-none-eabi/4.9.3/../../../../arm-none-eabi/lib/armv6-m\libc_nano.a(lib_a-nano-vfprintf_float.o)
                0x00005974                __exponent
 *fill*         0x000059d6        0x2 
 .text._printf_float
                0x000059d8      0x47c c:/program files (x86)/atmel/studio/7.0/toolchain/arm/arm-gnu-toolchain/bin/../lib/gcc/arm-none-eabi/4.9.3/../../../../arm-none-eabi/lib/armv6-m\libc_nano.a(lib_a-nano-vfprintf_float.o)
                0x000059d8                _printf_float
 .text._printf_common
                0x00005e54       0xdc c:/program files (x86)/atmel/studio/7.0/toolchain/arm/arm-gnu-toolchain/bin/../lib/gcc/arm-none-eabi/4.9.3/../../../../arm-none-eabi/lib/armv6-m\libc_nano.a(lib_a-nano-vfprintf_i.o)
                0x00005e54                _printf_common
 .text._printf_i
                0x00005f30      0x230 c:/program files (x86)/atmel/studio/7.0/toolchain/arm/arm-gnu-toolchain/bin/../lib/gcc/arm-none-eabi/4.9.3/../../../../arm-none-eabi/lib/armv6-m\libc_nano.a(lib_a-nano-vfprintf_i.o)
                0x00005f30                _printf_i
 .text._scanf_float
                0x00006160      0x3d4 c:/program files (x86)/atmel/studio/7.0/toolchain/arm/arm-gnu-toolchain/bin/../lib/gcc/arm-none-eabi/4.9.3/../../../../arm-none-eabi/lib/armv6-m\libc_nano.a(lib_a-nano-vfscanf_float.o)
                0x00006160                _scanf_float
 .text._scanf_chars
                0x00006534       0xbc c:/program files (x86)/atmel/studio/7.0/toolchain/arm/arm-gnu-toolchain/bin/../lib/gcc/arm-none-eabi/4.9.3/../../../../arm-none-eabi/lib/armv6-m\libc_nano.a(lib_a-nano-vfscanf_i.o)
                0x00006534                _scanf_chars
 .text._scanf_i
                0x000065f0      0x1f4 c:/program files (x86)/atmel/studio/7.0/toolchain/arm/arm-gnu-toolchain/bin/../lib/gcc/arm-none-eabi/4.9.3/../../../../arm-none-eabi/lib/armv6-m\libc_nano.a(lib_a-nano-vfscanf_i.o)
                0x000065f0                _scanf_i
 .text._open_r  0x000067e4       0x28 c:/program files (x86)/atmel/studio/7.0/toolchain/arm/arm-gnu-toolchain/bin/../lib/gcc/arm-none-eabi/4.9.3/../../../../arm-none-eabi/lib/armv6-m\libc_nano.a(lib_a-openr.o)
                0x000067e4                _open_r
 .text._putc_r  0x0000680c       0x78 c:/program files (x86)/atmel/studio/7.0/toolchain/arm/arm-gnu-toolchain/bin/../lib/gcc/arm-none-eabi/4.9.3/../../../../arm-none-eabi/lib/armv6-m\libc_nano.a(lib_a-putc.o)
                0x0000680c                _putc_r
 .text.lflush   0x00006884       0x18 c:/program files (x86)/atmel/studio/7.0/toolchain/arm/arm-gnu-toolchain/bin/../lib/gcc/arm-none-eabi/4.9.3/../../../../arm-none-eabi/lib/armv6-m\libc_nano.a(lib_a-refill.o)
 .text.__srefill_r
                0x0000689c      0x120 c:/program files (x86)/atmel/studio/7.0/toolchain/arm/arm-gnu-toolchain/bin/../lib/gcc/arm-none-eabi/4.9.3/../../../../arm-none-eabi/lib/armv6-m\libc_nano.a(lib_a-refill.o)
                0x0000689c                __srefill_r
 .text.__srget_r
                0x000069bc       0x60 c:/program files (x86)/atmel/studio/7.0/toolchain/arm/arm-gnu-toolchain/bin/../lib/gcc/arm-none-eabi/4.9.3/../../../../arm-none-eabi/lib/armv6-m\libc_nano.a(lib_a-rget.o)
                0x000069bc                __srget_r
 .text.__fpclassifyd
                0x00006a1c       0x50 c:/program files (x86)/atmel/studio/7.0/toolchain/arm/arm-gnu-toolchain/bin/../lib/gcc/arm-none-eabi/4.9.3/../../../../arm-none-eabi/lib/armv6-m\libc_nano.a(lib_a-s_fpclassify.o)
                0x00006a1c                __fpclassifyd
 .text._sbrk_r  0x00006a6c       0x24 c:/program files (x86)/atmel/studio/7.0/toolchain/arm/arm-gnu-toolchain/bin/../lib/gcc/arm-none-eabi/4.9.3/../../../../arm-none-eabi/lib/armv6-m\libc_nano.a(lib_a-sbrkr.o)
                0x00006a6c                _sbrk_r
 .text.__sccl   0x00006a90       0x66 c:/program files (x86)/atmel/studio/7.0/toolchain/arm/arm-gnu-toolchain/bin/../lib/gcc/arm-none-eabi/4.9.3/../../../../arm-none-eabi/lib/armv6-m\libc_nano.a(lib_a-sccl.o)
                0x00006a90                __sccl
 .text.setbuf   0x00006af6       0x12 c:/program files (x86)/atmel/studio/7.0/toolchain/arm/arm-gnu-toolchain/bin/../lib/gcc/arm-none-eabi/4.9.3/../../../../arm-none-eabi/lib/armv6-m\libc_nano.a(lib_a-setbuf.o)
                0x00006af6                setbuf
 .text.setvbuf  0x00006b08      0x10c c:/program files (x86)/atmel/studio/7.0/toolchain/arm/arm-gnu-toolchain/bin/../lib/gcc/arm-none-eabi/4.9.3/../../../../arm-none-eabi/lib/armv6-m\libc_nano.a(lib_a-setvbuf.o)
                0x00006b08                setvbuf
 .text.nanf     0x00006c14        0x8 c:/program files (x86)/atmel/studio/7.0/toolchain/arm/arm-gnu-toolchain/bin/../lib/gcc/arm-none-eabi/4.9.3/../../../../arm-none-eabi/lib/armv6-m\libc_nano.a(lib_a-sf_nan.o)
                0x00006c14                nanf
 .text._raise_r
                0x00006c1c       0x54 c:/program files (x86)/atmel/studio/7.0/toolchain/arm/arm-gnu-toolchain/bin/../lib/gcc/arm-none-eabi/4.9.3/../../../../arm-none-eabi/lib/armv6-m\libc_nano.a(lib_a-signal.o)
                0x00006c1c                _raise_r
 .text.raise    0x00006c70       0x14 c:/program files (x86)/atmel/studio/7.0/toolchain/arm/arm-gnu-toolchain/bin/../lib/gcc/arm-none-eabi/4.9.3/../../../../arm-none-eabi/lib/armv6-m\libc_nano.a(lib_a-signal.o)
                0x00006c70                raise
 .text._kill_r  0x00006c84       0x24 c:/program files (x86)/atmel/studio/7.0/toolchain/arm/arm-gnu-toolchain/bin/../lib/gcc/arm-none-eabi/4.9.3/../../../../arm-none-eabi/lib/armv6-m\libc_nano.a(lib_a-signalr.o)
                0x00006c84                _kill_r
 .text._getpid_r
                0x00006ca8        0x8 c:/program files (x86)/atmel/studio/7.0/toolchain/arm/arm-gnu-toolchain/bin/../lib/gcc/arm-none-eabi/4.9.3/../../../../arm-none-eabi/lib/armv6-m\libc_nano.a(lib_a-signalr.o)
                0x00006ca8                _getpid_r
 .text.sprintf  0x00006cb0       0x44 c:/program files (x86)/atmel/studio/7.0/toolchain/arm/arm-gnu-toolchain/bin/../lib/gcc/arm-none-eabi/4.9.3/../../../../arm-none-eabi/lib/armv6-m\libc_nano.a(lib_a-sprintf.o)
                0x00006cb0                siprintf
                0x00006cb0                sprintf
 .text.sscanf   0x00006cf4       0x50 c:/program files (x86)/atmel/studio/7.0/toolchain/arm/arm-gnu-toolchain/bin/../lib/gcc/arm-none-eabi/4.9.3/../../../../arm-none-eabi/lib/armv6-m\libc_nano.a(lib_a-sscanf.o)
                0x00006cf4                siscanf
                0x00006cf4                sscanf
 .text.__sread  0x00006d44       0x28 c:/program files (x86)/atmel/studio/7.0/toolchain/arm/arm-gnu-toolchain/bin/../lib/gcc/arm-none-eabi/4.9.3/../../../../arm-none-eabi/lib/armv6-m\libc_nano.a(lib_a-stdio.o)
                0x00006d44                __sread
 .text.__seofread
                0x00006d6c        0x4 c:/program files (x86)/atmel/studio/7.0/toolchain/arm/arm-gnu-toolchain/bin/../lib/gcc/arm-none-eabi/4.9.3/../../../../arm-none-eabi/lib/armv6-m\libc_nano.a(lib_a-stdio.o)
                0x00006d6c                __seofread
 .text.__swrite
                0x00006d70       0x38 c:/program files (x86)/atmel/studio/7.0/toolchain/arm/arm-gnu-toolchain/bin/../lib/gcc/arm-none-eabi/4.9.3/../../../../arm-none-eabi/lib/armv6-m\libc_nano.a(lib_a-stdio.o)
                0x00006d70                __swrite
 .text.__sseek  0x00006da8       0x2c c:/program files (x86)/atmel/studio/7.0/toolchain/arm/arm-gnu-toolchain/bin/../lib/gcc/arm-none-eabi/4.9.3/../../../../arm-none-eabi/lib/armv6-m\libc_nano.a(lib_a-stdio.o)
                0x00006da8                __sseek
 .text.__sclose
                0x00006dd4        0xc c:/program files (x86)/atmel/studio/7.0/toolchain/arm/arm-gnu-toolchain/bin/../lib/gcc/arm-none-eabi/4.9.3/../../../../arm-none-eabi/lib/armv6-m\libc_nano.a(lib_a-stdio.o)
                0x00006dd4                __sclose
 .text          0x00006de0       0x14 c:/program files (x86)/atmel/studio/7.0/toolchain/arm/arm-gnu-toolchain/bin/../lib/gcc/arm-none-eabi/4.9.3/../../../../arm-none-eabi/lib/armv6-m\libc_nano.a(lib_a-strcmp.o)
                0x00006de0                strcmp
 .text.strlen   0x00006df4        0xe c:/program files (x86)/atmel/studio/7.0/toolchain/arm/arm-gnu-toolchain/bin/../lib/gcc/arm-none-eabi/4.9.3/../../../../arm-none-eabi/lib/armv6-m\libc_nano.a(lib_a-strlen.o)
                0x00006df4                strlen
 .text.strncmp  0x00006e02       0x28 c:/program files (x86)/atmel/studio/7.0/toolchain/arm/arm-gnu-toolchain/bin/../lib/gcc/arm-none-eabi/4.9.3/../../../../arm-none-eabi/lib/armv6-m\libc_nano.a(lib_a-strncmp.o)
                0x00006e02                strncmp
 .text.match    0x00006e2a       0x28 c:/program files (x86)/atmel/studio/7.0/toolchain/arm/arm-gnu-toolchain/bin/../lib/gcc/arm-none-eabi/4.9.3/../../../../arm-none-eabi/lib/armv6-m\libc_nano.a(lib_a-strtod.o)
 *fill*         0x00006e52        0x2 
 .text.unlikely.sulp
                0x00006e54       0x2c c:/program files (x86)/atmel/studio/7.0/toolchain/arm/arm-gnu-toolchain/bin/../lib/gcc/arm-none-eabi/4.9.3/../../../../arm-none-eabi/lib/armv6-m\libc_nano.a(lib_a-strtod.o)
 .text._strtod_r
                0x00006e80      0xc34 c:/program files (x86)/atmel/studio/7.0/toolchain/arm/arm-gnu-toolchain/bin/../lib/gcc/arm-none-eabi/4.9.3/../../../../arm-none-eabi/lib/armv6-m\libc_nano.a(lib_a-strtod.o)
                0x00006e80                _strtod_r
 .text._strtol_r
                0x00007ab4      0x120 c:/program files (x86)/atmel/studio/7.0/toolchain/arm/arm-gnu-toolchain/bin/../lib/gcc/arm-none-eabi/4.9.3/../../../../arm-none-eabi/lib/armv6-m\libc_nano.a(lib_a-strtol.o)
                0x00007ab4                _strtol_r
 .text._strtoul_r
                0x00007bd4      0x104 c:/program files (x86)/atmel/studio/7.0/toolchain/arm/arm-gnu-toolchain/bin/../lib/gcc/arm-none-eabi/4.9.3/../../../../arm-none-eabi/lib/armv6-m\libc_nano.a(lib_a-strtoul.o)
                0x00007bd4                _strtoul_r
 .text.__submore
                0x00007cd8       0x7c c:/program files (x86)/atmel/studio/7.0/toolchain/arm/arm-gnu-toolchain/bin/../lib/gcc/arm-none-eabi/4.9.3/../../../../arm-none-eabi/lib/armv6-m\libc_nano.a(lib_a-ungetc.o)
                0x00007cd8                __submore
 .text.__swbuf_r
                0x00007d54       0xb0 c:/program files (x86)/atmel/studio/7.0/toolchain/arm/arm-gnu-toolchain/bin/../lib/gcc/arm-none-eabi/4.9.3/../../../../arm-none-eabi/lib/armv6-m\libc_nano.a(lib_a-wbuf.o)
                0x00007d54                __swbuf_r
 .text._write_r
                0x00007e04       0x28 c:/program files (x86)/atmel/studio/7.0/toolchain/arm/arm-gnu-toolchain/bin/../lib/gcc/arm-none-eabi/4.9.3/../../../../arm-none-eabi/lib/armv6-m\libc_nano.a(lib_a-writer.o)
                0x00007e04                _write_r
 .text.__swsetup_r
                0x00007e2c       0xe8 c:/program files (x86)/atmel/studio/7.0/toolchain/arm/arm-gnu-toolchain/bin/../lib/gcc/arm-none-eabi/4.9.3/../../../../arm-none-eabi/lib/armv6-m\libc_nano.a(lib_a-wsetup.o)
                0x00007e2c                __swsetup_r
 .text._close_r
                0x00007f14       0x24 c:/program files (x86)/atmel/studio/7.0/toolchain/arm/arm-gnu-toolchain/bin/../lib/gcc/arm-none-eabi/4.9.3/../../../../arm-none-eabi/lib/armv6-m\libc_nano.a(lib_a-closer.o)
                0x00007f14                _close_r
 .text.quorem   0x00007f38      0x10e c:/program files (x86)/atmel/studio/7.0/toolchain/arm/arm-gnu-toolchain/bin/../lib/gcc/arm-none-eabi/4.9.3/../../../../arm-none-eabi/lib/armv6-m\libc_nano.a(lib_a-dtoa.o)
 *fill*         0x00008046        0x2 
 .text._dtoa_r  0x00008048      0xc00 c:/program files (x86)/atmel/studio/7.0/toolchain/arm/arm-gnu-toolchain/bin/../lib/gcc/arm-none-eabi/4.9.3/../../../../arm-none-eabi/lib/armv6-m\libc_nano.a(lib_a-dtoa.o)
                0x00008048                _dtoa_r
 .text.__sflags
                0x00008c48       0x70 c:/program files (x86)/atmel/studio/7.0/toolchain/arm/arm-gnu-toolchain/bin/../lib/gcc/arm-none-eabi/4.9.3/../../../../arm-none-eabi/lib/armv6-m\libc_nano.a(lib_a-flags.o)
                0x00008c48                __sflags
 .text._fstat_r
                0x00008cb8       0x24 c:/program files (x86)/atmel/studio/7.0/toolchain/arm/arm-gnu-toolchain/bin/../lib/gcc/arm-none-eabi/4.9.3/../../../../arm-none-eabi/lib/armv6-m\libc_nano.a(lib_a-fstatr.o)
                0x00008cb8                _fstat_r
 .text.rshift   0x00008cdc       0x68 c:/program files (x86)/atmel/studio/7.0/toolchain/arm/arm-gnu-toolchain/bin/../lib/gcc/arm-none-eabi/4.9.3/../../../../arm-none-eabi/lib/armv6-m\libc_nano.a(lib_a-gdtoa-gethex.o)
 .text.__hexdig_fun
                0x00008d44       0x2a c:/program files (x86)/atmel/studio/7.0/toolchain/arm/arm-gnu-toolchain/bin/../lib/gcc/arm-none-eabi/4.9.3/../../../../arm-none-eabi/lib/armv6-m\libc_nano.a(lib_a-gdtoa-gethex.o)
                0x00008d44                __hexdig_fun
 .text.__gethex
                0x00008d6e      0x448 c:/program files (x86)/atmel/studio/7.0/toolchain/arm/arm-gnu-toolchain/bin/../lib/gcc/arm-none-eabi/4.9.3/../../../../arm-none-eabi/lib/armv6-m\libc_nano.a(lib_a-gdtoa-gethex.o)
                0x00008d6e                __gethex
 .text.L_shift  0x000091b6       0x24 c:/program files (x86)/atmel/studio/7.0/toolchain/arm/arm-gnu-toolchain/bin/../lib/gcc/arm-none-eabi/4.9.3/../../../../arm-none-eabi/lib/armv6-m\libc_nano.a(lib_a-gdtoa-hexnan.o)
 .text.__hexnan
                0x000091da      0x130 c:/program files (x86)/atmel/studio/7.0/toolchain/arm/arm-gnu-toolchain/bin/../lib/gcc/arm-none-eabi/4.9.3/../../../../arm-none-eabi/lib/armv6-m\libc_nano.a(lib_a-gdtoa-hexnan.o)
                0x000091da                __hexnan
 *fill*         0x0000930a        0x2 
 .text._isatty_r
                0x0000930c       0x24 c:/program files (x86)/atmel/studio/7.0/toolchain/arm/arm-gnu-toolchain/bin/../lib/gcc/arm-none-eabi/4.9.3/../../../../arm-none-eabi/lib/armv6-m\libc_nano.a(lib_a-isattyr.o)
                0x0000930c                _isatty_r
 .text._localeconv_r
                0x00009330        0x8 c:/program files (x86)/atmel/studio/7.0/toolchain/arm/arm-gnu-toolchain/bin/../lib/gcc/arm-none-eabi/4.9.3/../../../../arm-none-eabi/lib/armv6-m\libc_nano.a(lib_a-locale.o)
                0x00009330                _localeconv_r
 .text._lseek_r
                0x00009338       0x28 c:/program files (x86)/atmel/studio/7.0/toolchain/arm/arm-gnu-toolchain/bin/../lib/gcc/arm-none-eabi/4.9.3/../../../../arm-none-eabi/lib/armv6-m\libc_nano.a(lib_a-lseekr.o)
                0x00009338                _lseek_r
 .text.memmove  0x00009360       0x28 c:/program files (x86)/atmel/studio/7.0/toolchain/arm/arm-gnu-toolchain/bin/../lib/gcc/arm-none-eabi/4.9.3/../../../../arm-none-eabi/lib/armv6-m\libc_nano.a(lib_a-memmove.o)
                0x00009360                memmove
 .text._Balloc  0x00009388       0x70 c:/program files (x86)/atmel/studio/7.0/toolchain/arm/arm-gnu-toolchain/bin/../lib/gcc/arm-none-eabi/4.9.3/../../../../arm-none-eabi/lib/armv6-m\libc_nano.a(lib_a-mprec.o)
                0x00009388                _Balloc
 .text._Bfree   0x000093f8       0x32 c:/program files (x86)/atmel/studio/7.0/toolchain/arm/arm-gnu-toolchain/bin/../lib/gcc/arm-none-eabi/4.9.3/../../../../arm-none-eabi/lib/armv6-m\libc_nano.a(lib_a-mprec.o)
                0x000093f8                _Bfree
 .text.__multadd
                0x0000942a       0x78 c:/program files (x86)/atmel/studio/7.0/toolchain/arm/arm-gnu-toolchain/bin/../lib/gcc/arm-none-eabi/4.9.3/../../../../arm-none-eabi/lib/armv6-m\libc_nano.a(lib_a-mprec.o)
                0x0000942a                __multadd
 .text.__s2b    0x000094a2       0x80 c:/program files (x86)/atmel/studio/7.0/toolchain/arm/arm-gnu-toolchain/bin/../lib/gcc/arm-none-eabi/4.9.3/../../../../arm-none-eabi/lib/armv6-m\libc_nano.a(lib_a-mprec.o)
                0x000094a2                __s2b
 .text.__hi0bits
                0x00009522       0x36 c:/program files (x86)/atmel/studio/7.0/toolchain/arm/arm-gnu-toolchain/bin/../lib/gcc/arm-none-eabi/4.9.3/../../../../arm-none-eabi/lib/armv6-m\libc_nano.a(lib_a-mprec.o)
                0x00009522                __hi0bits
 .text.__lo0bits
                0x00009558       0x5e c:/program files (x86)/atmel/studio/7.0/toolchain/arm/arm-gnu-toolchain/bin/../lib/gcc/arm-none-eabi/4.9.3/../../../../arm-none-eabi/lib/armv6-m\libc_nano.a(lib_a-mprec.o)
                0x00009558                __lo0bits
 .text.__i2b    0x000095b6       0x12 c:/program files (x86)/atmel/studio/7.0/toolchain/arm/arm-gnu-toolchain/bin/../lib/gcc/arm-none-eabi/4.9.3/../../../../arm-none-eabi/lib/armv6-m\libc_nano.a(lib_a-mprec.o)
                0x000095b6                __i2b
 .text.__multiply
                0x000095c8      0x11a c:/program files (x86)/atmel/studio/7.0/toolchain/arm/arm-gnu-toolchain/bin/../lib/gcc/arm-none-eabi/4.9.3/../../../../arm-none-eabi/lib/armv6-m\libc_nano.a(lib_a-mprec.o)
                0x000095c8                __multiply
 *fill*         0x000096e2        0x2 
 .text.__pow5mult
                0x000096e4       0xa4 c:/program files (x86)/atmel/studio/7.0/toolchain/arm/arm-gnu-toolchain/bin/../lib/gcc/arm-none-eabi/4.9.3/../../../../arm-none-eabi/lib/armv6-m\libc_nano.a(lib_a-mprec.o)
                0x000096e4                __pow5mult
 .text.__lshift
                0x00009788       0xa4 c:/program files (x86)/atmel/studio/7.0/toolchain/arm/arm-gnu-toolchain/bin/../lib/gcc/arm-none-eabi/4.9.3/../../../../arm-none-eabi/lib/armv6-m\libc_nano.a(lib_a-mprec.o)
                0x00009788                __lshift
 .text.__mcmp   0x0000982c       0x36 c:/program files (x86)/atmel/studio/7.0/toolchain/arm/arm-gnu-toolchain/bin/../lib/gcc/arm-none-eabi/4.9.3/../../../../arm-none-eabi/lib/armv6-m\libc_nano.a(lib_a-mprec.o)
                0x0000982c                __mcmp
 .text.__mdiff  0x00009862       0xd6 c:/program files (x86)/atmel/studio/7.0/toolchain/arm/arm-gnu-toolchain/bin/../lib/gcc/arm-none-eabi/4.9.3/../../../../arm-none-eabi/lib/armv6-m\libc_nano.a(lib_a-mprec.o)
                0x00009862                __mdiff
 .text.__ulp    0x00009938       0x48 c:/program files (x86)/atmel/studio/7.0/toolchain/arm/arm-gnu-toolchain/bin/../lib/gcc/arm-none-eabi/4.9.3/../../../../arm-none-eabi/lib/armv6-m\libc_nano.a(lib_a-mprec.o)
                0x00009938                __ulp
 .text.__b2d    0x00009980       0xa4 c:/program files (x86)/atmel/studio/7.0/toolchain/arm/arm-gnu-toolchain/bin/../lib/gcc/arm-none-eabi/4.9.3/../../../../arm-none-eabi/lib/armv6-m\libc_nano.a(lib_a-mprec.o)
                0x00009980                __b2d
 .text.__d2b    0x00009a24       0xa8 c:/program files (x86)/atmel/studio/7.0/toolchain/arm/arm-gnu-toolchain/bin/../lib/gcc/arm-none-eabi/4.9.3/../../../../arm-none-eabi/lib/armv6-m\libc_nano.a(lib_a-mprec.o)
                0x00009a24                __d2b
 .text.__ratio  0x00009acc       0x54 c:/program files (x86)/atmel/studio/7.0/toolchain/arm/arm-gnu-toolchain/bin/../lib/gcc/arm-none-eabi/4.9.3/../../../../arm-none-eabi/lib/armv6-m\libc_nano.a(lib_a-mprec.o)
                0x00009acc                __ratio
 .text.__copybits
                0x00009b20       0x2c c:/program files (x86)/atmel/studio/7.0/toolchain/arm/arm-gnu-toolchain/bin/../lib/gcc/arm-none-eabi/4.9.3/../../../../arm-none-eabi/lib/armv6-m\libc_nano.a(lib_a-mprec.o)
                0x00009b20                __copybits
 .text.__any_on
                0x00009b4c       0x42 c:/program files (x86)/atmel/studio/7.0/toolchain/arm/arm-gnu-toolchain/bin/../lib/gcc/arm-none-eabi/4.9.3/../../../../arm-none-eabi/lib/armv6-m\libc_nano.a(lib_a-mprec.o)
                0x00009b4c                __any_on
 .text._calloc_r
                0x00009b8e       0x1c c:/program files (x86)/atmel/studio/7.0/toolchain/arm/arm-gnu-toolchain/bin/../lib/gcc/arm-none-eabi/4.9.3/../../../../arm-none-eabi/lib/armv6-m\libc_nano.a(lib_a-nano-callocr.o)
                0x00009b8e                _calloc_r
 .text._realloc_r
                0x00009baa       0x4c c:/program files (x86)/atmel/studio/7.0/toolchain/arm/arm-gnu-toolchain/bin/../lib/gcc/arm-none-eabi/4.9.3/../../../../arm-none-eabi/lib/armv6-m\libc_nano.a(lib_a-nano-reallocr.o)
                0x00009baa                _realloc_r
 *fill*         0x00009bf6        0x2 
 .text.__ssputs_r
                0x00009bf8       0xc0 c:/program files (x86)/atmel/studio/7.0/toolchain/arm/arm-gnu-toolchain/bin/../lib/gcc/arm-none-eabi/4.9.3/../../../../arm-none-eabi/lib/armv6-m\libc_nano.a(lib_a-nano-svfprintf.o)
                0x00009bf8                __ssputs_r
 .text._svfprintf_r
                0x00009cb8      0x1ec c:/program files (x86)/atmel/studio/7.0/toolchain/arm/arm-gnu-toolchain/bin/../lib/gcc/arm-none-eabi/4.9.3/../../../../arm-none-eabi/lib/armv6-m\libc_nano.a(lib_a-nano-svfprintf.o)
                0x00009cb8                _svfiprintf_r
                0x00009cb8                _svfprintf_r
 .text._sungetc_r
                0x00009ea4       0x7a c:/program files (x86)/atmel/studio/7.0/toolchain/arm/arm-gnu-toolchain/bin/../lib/gcc/arm-none-eabi/4.9.3/../../../../arm-none-eabi/lib/armv6-m\libc_nano.a(lib_a-nano-svfscanf.o)
                0x00009ea4                _sungetc_r
 .text.__ssrefill_r
                0x00009f1e       0x3e c:/program files (x86)/atmel/studio/7.0/toolchain/arm/arm-gnu-toolchain/bin/../lib/gcc/arm-none-eabi/4.9.3/../../../../arm-none-eabi/lib/armv6-m\libc_nano.a(lib_a-nano-svfscanf.o)
                0x00009f1e                __ssrefill_r
 .text.__ssvfscanf_r
                0x00009f5c      0x2f0 c:/program files (x86)/atmel/studio/7.0/toolchain/arm/arm-gnu-toolchain/bin/../lib/gcc/arm-none-eabi/4.9.3/../../../../arm-none-eabi/lib/armv6-m\libc_nano.a(lib_a-nano-svfscanf.o)
                0x00009f5c                __ssvfiscanf_r
                0x00009f5c                __ssvfscanf_r
 .text._read_r  0x0000a24c       0x28 c:/program files (x86)/atmel/studio/7.0/toolchain/arm/arm-gnu-toolchain/bin/../lib/gcc/arm-none-eabi/4.9.3/../../../../arm-none-eabi/lib/armv6-m\libc_nano.a(lib_a-readr.o)
                0x0000a24c                _read_r
 .text._malloc_usable_size_r
                0x0000a274       0x16 c:/program files (x86)/atmel/studio/7.0/toolchain/arm/arm-gnu-toolchain/bin/../lib/gcc/arm-none-eabi/4.9.3/../../../../arm-none-eabi/lib/armv6-m\libc_nano.a(lib_a-nano-msizer.o)
                0x0000a274                _malloc_usable_size_r
 *fill*         0x0000a28a        0x2 
 .text._getpid  0x0000a28c       0x10 c:/program files (x86)/atmel/studio/7.0/toolchain/arm/arm-gnu-toolchain/bin/../lib/gcc/arm-none-eabi/4.9.3/../../../../arm-none-eabi/lib/armv6-m\libnosys.a(getpid.o)
                0x0000a28c                _getpid
 .text._kill    0x0000a29c       0x10 c:/program files (x86)/atmel/studio/7.0/toolchain/arm/arm-gnu-toolchain/bin/../lib/gcc/arm-none-eabi/4.9.3/../../../../arm-none-eabi/lib/armv6-m\libnosys.a(kill.o)
                0x0000a29c                _kill
 .text          0x0000a2ac       0x14 c:/program files (x86)/atmel/studio/7.0/toolchain/arm/arm-gnu-toolchain/bin/../lib/gcc/arm-none-eabi/4.9.3/armv6-m\libgcc.a(_thumb1_case_uqi.o)
                0x0000a2ac                __gnu_thumb1_case_uqi
 .text          0x0000a2c0       0x7c c:/program files (x86)/atmel/studio/7.0/toolchain/arm/arm-gnu-toolchain/bin/../lib/gcc/arm-none-eabi/4.9.3/armv6-m\libgcc.a(_arm_cmpdf2.o)
                0x0000a2c0                __aeabi_cdrcmple
                0x0000a2d0                __aeabi_cdcmple
                0x0000a2d0                __aeabi_cdcmpeq
                0x0000a2e0                __aeabi_dcmpeq
                0x0000a2ec                __aeabi_dcmplt
                0x0000a300                __aeabi_dcmple
                0x0000a314                __aeabi_dcmpgt
                0x0000a328                __aeabi_dcmpge
 .text          0x0000a33c       0x3c c:/program files (x86)/atmel/studio/7.0/toolchain/arm/arm-gnu-toolchain/bin/../lib/gcc/arm-none-eabi/4.9.3/armv6-m\libgcc.a(_fixunsdfsi.o)
                0x0000a33c                __aeabi_d2uiz
                0x0000a33c                __fixunsdfsi
 .text          0x0000a378      0x650 c:/program files (x86)/atmel/studio/7.0/toolchain/arm/arm-gnu-toolchain/bin/../lib/gcc/arm-none-eabi/4.9.3/armv6-m\libgcc.a(adddf3.o)
                0x0000a378                __aeabi_dadd
 .text          0x0000a9c8      0x648 c:/program files (x86)/atmel/studio/7.0/toolchain/arm/arm-gnu-toolchain/bin/../lib/gcc/arm-none-eabi/4.9.3/armv6-m\libgcc.a(divdf3.o)
                0x0000a9c8                __aeabi_ddiv
 .text          0x0000b010       0x88 c:/program files (x86)/atmel/studio/7.0/toolchain/arm/arm-gnu-toolchain/bin/../lib/gcc/arm-none-eabi/4.9.3/armv6-m\libgcc.a(eqdf2.o)
                0x0000b010                __nedf2
                0x0000b010                __eqdf2
 .text          0x0000b098       0xe0 c:/program files (x86)/atmel/studio/7.0/toolchain/arm/arm-gnu-toolchain/bin/../lib/gcc/arm-none-eabi/4.9.3/armv6-m\libgcc.a(gedf2.o)
                0x0000b098                __gedf2
                0x0000b098                __gtdf2
 .text          0x0000b178       0xcc c:/program files (x86)/atmel/studio/7.0/toolchain/arm/arm-gnu-toolchain/bin/../lib/gcc/arm-none-eabi/4.9.3/armv6-m\libgcc.a(ledf2.o)
                0x0000b178                __ledf2
                0x0000b178                __ltdf2
 .text          0x0000b244      0x534 c:/program files (x86)/atmel/studio/7.0/toolchain/arm/arm-gnu-toolchain/bin/../lib/gcc/arm-none-eabi/4.9.3/armv6-m\libgcc.a(muldf3.o)
                0x0000b244                __aeabi_dmul
 .text          0x0000b778      0x6f4 c:/program files (x86)/atmel/studio/7.0/toolchain/arm/arm-gnu-toolchain/bin/../lib/gcc/arm-none-eabi/4.9.3/armv6-m\libgcc.a(subdf3.o)
                0x0000b778                __aeabi_dsub
 .text          0x0000be6c       0x6c c:/program files (x86)/atmel/studio/7.0/toolchain/arm/arm-gnu-toolchain/bin/../lib/gcc/arm-none-eabi/4.9.3/armv6-m\libgcc.a(fixdfsi.o)
                0x0000be6c                __aeabi_d2iz
 .text          0x0000bed8       0x78 c:/program files (x86)/atmel/studio/7.0/toolchain/arm/arm-gnu-toolchain/bin/../lib/gcc/arm-none-eabi/4.9.3/armv6-m\libgcc.a(floatsidf.o)
                0x0000bed8                __aeabi_i2d
 .text          0x0000bf50       0x64 c:/program files (x86)/atmel/studio/7.0/toolchain/arm/arm-gnu-toolchain/bin/../lib/gcc/arm-none-eabi/4.9.3/armv6-m\libgcc.a(floatunsidf.o)
                0x0000bf50                __aeabi_ui2d
 .text          0x0000bfb4      0x120 c:/program files (x86)/atmel/studio/7.0/toolchain/arm/arm-gnu-toolchain/bin/../lib/gcc/arm-none-eabi/4.9.3/armv6-m\libgcc.a(truncdfsf2.o)
                0x0000bfb4                __aeabi_d2f
 *(.glue_7t)
 .glue_7t       0x00000000        0x0 linker stubs
 *(.glue_7)
 .glue_7        0x00000000        0x0 linker stubs
 *(.rodata .rodata* .gnu.linkonce.r.*)
 *fill*         0x0000c0d4        0x4 
 .rodata._ZTV5Relay
                0x0000c0d8       0x20 relay.o
                0x0000c0d8                vtable for Relay
 .rodata._ZTV13RelayBuffered
                0x0000c0f8       0x20 relay.o
                0x0000c0f8                vtable for RelayBuffered
 .rodata._ZTV12ChannelRadio
                0x0000c118       0x30 channelradio.o
                0x0000c118                vtable for ChannelRadio
 .rodata._ZTV13ChannelSerial
                0x0000c148       0x1c channelserial.o
                0x0000c148                vtable for ChannelSerial